../Core/Src/stm32f1xx_hal_msp.c:64:6:HAL_MspInit	8	static
../Core/Src/stm32f1xx_hal_msp.c:91:6:HAL_I2C_MspInit	32	static
../Core/Src/stm32f1xx_hal_msp.c:126:6:HAL_I2C_MspDeInit	8	static
../Core/Src/stm32f1xx_hal_msp.c:157:6:HAL_RTC_MspInit	16	static
../Core/Src/stm32f1xx_hal_msp.c:183:6:HAL_RTC_MspDeInit	0	static
../Core/Src/stm32f1xx_hal_msp.c:205:6:HAL_SPI_MspInit	32	static
../Core/Src/stm32f1xx_hal_msp.c:246:6:HAL_SPI_MspDeInit	0	static
../Core/Src/stm32f1xx_hal_msp.c:276:6:HAL_TIM_Base_MspInit	8	static
../Core/Src/stm32f1xx_hal_msp.c:299:6:HAL_TIM_Base_MspDeInit	0	static
