../Core/Src/stm32f1xx_hal_msp.c:63:6:HAL_MspInit	8	static
../Core/Src/stm32f1xx_hal_msp.c:90:6:HAL_I2C_MspInit	32	static
../Core/Src/stm32f1xx_hal_msp.c:124:6:HAL_I2C_MspDeInit	8	static
../Core/Src/stm32f1xx_hal_msp.c:155:6:HAL_RTC_MspInit	16	static
../Core/Src/stm32f1xx_hal_msp.c:180:6:HAL_RTC_MspDeInit	0	static
../Core/Src/stm32f1xx_hal_msp.c:202:6:HAL_SPI_MspInit	32	static
../Core/Src/stm32f1xx_hal_msp.c:242:6:HAL_SPI_MspDeInit	0	static
../Core/Src/stm32f1xx_hal_msp.c:272:6:HAL_TIM_Base_MspInit	8	static
../Core/Src/stm32f1xx_hal_msp.c:294:6:HAL_TIM_Base_MspDeInit	0	static
