Archive member included to satisfy reference by file (symbol)

/opt/st/stm32cubeide_1.14.0/plugins/com.st.stm32cube.ide.mcu.externaltools.gnu-tools-for-stm32.12.3.rel1.linux64_1.0.200.202406132123/tools/bin/../lib/gcc/arm-none-eabi/12.3.1/../../../../arm-none-eabi/lib/thumb/v7-m/nofp/libc_nano.a(libc_a-exit.o)
                              /opt/st/stm32cubeide_1.14.0/plugins/com.st.stm32cube.ide.mcu.externaltools.gnu-tools-for-stm32.12.3.rel1.linux64_1.0.200.202406132123/tools/bin/../lib/gcc/arm-none-eabi/12.3.1/../../../../arm-none-eabi/lib/thumb/v7-m/nofp/crt0.o (exit)
/opt/st/stm32cubeide_1.14.0/plugins/com.st.stm32cube.ide.mcu.externaltools.gnu-tools-for-stm32.12.3.rel1.linux64_1.0.200.202406132123/tools/bin/../lib/gcc/arm-none-eabi/12.3.1/../../../../arm-none-eabi/lib/thumb/v7-m/nofp/libc_nano.a(libc_a-findfp.o)
                              /opt/st/stm32cubeide_1.14.0/plugins/com.st.stm32cube.ide.mcu.externaltools.gnu-tools-for-stm32.12.3.rel1.linux64_1.0.200.202406132123/tools/bin/../lib/gcc/arm-none-eabi/12.3.1/../../../../arm-none-eabi/lib/thumb/v7-m/nofp/libc_nano.a(libc_a-exit.o) (__stdio_exit_handler)
/opt/st/stm32cubeide_1.14.0/plugins/com.st.stm32cube.ide.mcu.externaltools.gnu-tools-for-stm32.12.3.rel1.linux64_1.0.200.202406132123/tools/bin/../lib/gcc/arm-none-eabi/12.3.1/../../../../arm-none-eabi/lib/thumb/v7-m/nofp/libc_nano.a(libc_a-fwalk.o)
                              /opt/st/stm32cubeide_1.14.0/plugins/com.st.stm32cube.ide.mcu.externaltools.gnu-tools-for-stm32.12.3.rel1.linux64_1.0.200.202406132123/tools/bin/../lib/gcc/arm-none-eabi/12.3.1/../../../../arm-none-eabi/lib/thumb/v7-m/nofp/libc_nano.a(libc_a-findfp.o) (_fwalk_sglue)
/opt/st/stm32cubeide_1.14.0/plugins/com.st.stm32cube.ide.mcu.externaltools.gnu-tools-for-stm32.12.3.rel1.linux64_1.0.200.202406132123/tools/bin/../lib/gcc/arm-none-eabi/12.3.1/../../../../arm-none-eabi/lib/thumb/v7-m/nofp/libc_nano.a(libc_a-sprintf.o)
                              ./App/app.o (sprintf)
/opt/st/stm32cubeide_1.14.0/plugins/com.st.stm32cube.ide.mcu.externaltools.gnu-tools-for-stm32.12.3.rel1.linux64_1.0.200.202406132123/tools/bin/../lib/gcc/arm-none-eabi/12.3.1/../../../../arm-none-eabi/lib/thumb/v7-m/nofp/libc_nano.a(libc_a-stdio.o)
                              /opt/st/stm32cubeide_1.14.0/plugins/com.st.stm32cube.ide.mcu.externaltools.gnu-tools-for-stm32.12.3.rel1.linux64_1.0.200.202406132123/tools/bin/../lib/gcc/arm-none-eabi/12.3.1/../../../../arm-none-eabi/lib/thumb/v7-m/nofp/libc_nano.a(libc_a-findfp.o) (__sread)
/opt/st/stm32cubeide_1.14.0/plugins/com.st.stm32cube.ide.mcu.externaltools.gnu-tools-for-stm32.12.3.rel1.linux64_1.0.200.202406132123/tools/bin/../lib/gcc/arm-none-eabi/12.3.1/../../../../arm-none-eabi/lib/thumb/v7-m/nofp/libc_nano.a(libc_a-memset.o)
                              /opt/st/stm32cubeide_1.14.0/plugins/com.st.stm32cube.ide.mcu.externaltools.gnu-tools-for-stm32.12.3.rel1.linux64_1.0.200.202406132123/tools/bin/../lib/gcc/arm-none-eabi/12.3.1/../../../../arm-none-eabi/lib/thumb/v7-m/nofp/crt0.o (memset)
/opt/st/stm32cubeide_1.14.0/plugins/com.st.stm32cube.ide.mcu.externaltools.gnu-tools-for-stm32.12.3.rel1.linux64_1.0.200.202406132123/tools/bin/../lib/gcc/arm-none-eabi/12.3.1/../../../../arm-none-eabi/lib/thumb/v7-m/nofp/libc_nano.a(libc_a-closer.o)
                              /opt/st/stm32cubeide_1.14.0/plugins/com.st.stm32cube.ide.mcu.externaltools.gnu-tools-for-stm32.12.3.rel1.linux64_1.0.200.202406132123/tools/bin/../lib/gcc/arm-none-eabi/12.3.1/../../../../arm-none-eabi/lib/thumb/v7-m/nofp/libc_nano.a(libc_a-stdio.o) (_close_r)
/opt/st/stm32cubeide_1.14.0/plugins/com.st.stm32cube.ide.mcu.externaltools.gnu-tools-for-stm32.12.3.rel1.linux64_1.0.200.202406132123/tools/bin/../lib/gcc/arm-none-eabi/12.3.1/../../../../arm-none-eabi/lib/thumb/v7-m/nofp/libc_nano.a(libc_a-reent.o)
                              /opt/st/stm32cubeide_1.14.0/plugins/com.st.stm32cube.ide.mcu.externaltools.gnu-tools-for-stm32.12.3.rel1.linux64_1.0.200.202406132123/tools/bin/../lib/gcc/arm-none-eabi/12.3.1/../../../../arm-none-eabi/lib/thumb/v7-m/nofp/libc_nano.a(libc_a-closer.o) (errno)
/opt/st/stm32cubeide_1.14.0/plugins/com.st.stm32cube.ide.mcu.externaltools.gnu-tools-for-stm32.12.3.rel1.linux64_1.0.200.202406132123/tools/bin/../lib/gcc/arm-none-eabi/12.3.1/../../../../arm-none-eabi/lib/thumb/v7-m/nofp/libc_nano.a(libc_a-impure.o)
                              /opt/st/stm32cubeide_1.14.0/plugins/com.st.stm32cube.ide.mcu.externaltools.gnu-tools-for-stm32.12.3.rel1.linux64_1.0.200.202406132123/tools/bin/../lib/gcc/arm-none-eabi/12.3.1/../../../../arm-none-eabi/lib/thumb/v7-m/nofp/libc_nano.a(libc_a-sprintf.o) (_impure_ptr)
/opt/st/stm32cubeide_1.14.0/plugins/com.st.stm32cube.ide.mcu.externaltools.gnu-tools-for-stm32.12.3.rel1.linux64_1.0.200.202406132123/tools/bin/../lib/gcc/arm-none-eabi/12.3.1/../../../../arm-none-eabi/lib/thumb/v7-m/nofp/libc_nano.a(libc_a-lseekr.o)
[...]
Memory Configuration

Name             Origin             Length             Attributes
RAM              0x20000000         0x00005000         xrw
FLASH            0x08000000         0x00010000         xr
*default*        0x00000000         0xffffffff

Linker script and memory map

LOAD /opt/st/stm32cubeide_1.14.0/plugins/com.st.stm32cube.ide.mcu.externaltools.gnu-tools-for-stm32.12.3.rel1.linux64_1.0.200.202406132123/tools/bin/../lib/gcc/arm-none-eabi/12.3.1/thumb/v7-m/nofp/crti.o
LOAD /opt/st/stm32cubeide_1.14.0/plugins/com.st.stm32cube.ide.mcu.externaltools.gnu-tools-for-stm32.12.3.rel1.linux64_1.0.200.202406132123/tools/bin/../lib/gcc/arm-none-eabi/12.3.1/thumb/v7-m/nofp/crtbegin.o
LOAD /opt/st/stm32cubeide_1.14.0/plugins/com.st.stm32cube.ide.mcu.externaltools.gnu-tools-for-stm32.12.3.rel1.linux64_1.0.200.202406132123/tools/bin/../lib/gcc/arm-none-eabi/12.3.1/../../../../arm-none-eabi/lib/thumb/v7-m/nofp/crt0.o
LOAD ./App/SX1278/SX1278.o
LOAD ./App/SX1278/SX1278_hw.o
LOAD ./App/app.o
LOAD ./App/dth22/dth22.class.o
LOAD ./App/m_rtc/m_rtc_2001.o
LOAD ./App/ssd1306/fonts.o
LOAD ./App/ssd1306/ssd1306.o
LOAD ./Core/Src/main.o
LOAD ./Core/Src/stm32f1xx_hal_msp.o
LOAD ./Core/Src/stm32f1xx_it.o
LOAD ./Core/Src/syscalls.o
LOAD ./Core/Src/sysmem.o
LOAD ./Core/Src/system_stm32f1xx.o
LOAD ./Core/Startup/startup_stm32f103c8tx.o
LOAD ./Drivers/STM32F1xx_HAL_Driver/Src/stm32f1xx_hal.o
LOAD ./Drivers/STM32F1xx_HAL_Driver/Src/stm32f1xx_hal_cortex.o
LOAD ./Drivers/STM32F1xx_HAL_Driver/Src/stm32f1xx_hal_dma.o
LOAD ./Drivers/STM32F1xx_HAL_Driver/Src/stm32f1xx_hal_exti.o
LOAD ./Drivers/STM32F1xx_HAL_Driver/Src/stm32f1xx_hal_flash.o
LOAD ./Drivers/STM32F1xx_HAL_Driver/Src/stm32f1xx_hal_flash_ex.o
LOAD ./Drivers/STM32F1xx_HAL_Driver/Src/stm32f1xx_hal_gpio.o
LOAD ./Drivers/STM32F1xx_HAL_Driver/Src/stm32f1xx_hal_gpio_ex.o
LOAD ./Drivers/STM32F1xx_HAL_Driver/Src/stm32f1xx_hal_i2c.o
LOAD ./Drivers/STM32F1xx_HAL_Driver/Src/stm32f1xx_hal_pwr.o
LOAD ./Drivers/STM32F1xx_HAL_Driver/Src/stm32f1xx_hal_rcc.o
LOAD ./Drivers/STM32F1xx_HAL_Driver/Src/stm32f1xx_hal_rcc_ex.o
LOAD ./Drivers/STM32F1xx_HAL_Driver/Src/stm32f1xx_hal_rtc.o
LOAD ./Drivers/STM32F1xx_HAL_Driver/Src/stm32f1xx_hal_rtc_ex.o
LOAD ./Drivers/STM32F1xx_HAL_Driver/Src/stm32f1xx_hal_spi.o
LOAD ./Drivers/STM32F1xx_HAL_Driver/Src/stm32f1xx_hal_tim.o
LOAD ./Drivers/STM32F1xx_HAL_Driver/Src/stm32f1xx_hal_tim_ex.o
START GROUP
LOAD /opt/st/stm32cubeide_1.14.0/plugins/com.st.stm32cube.ide.mcu.externaltools.gnu-tools-for-stm32.12.3.rel1.linux64_1.0.200.202406132123/tools/bin/../lib/gcc/arm-none-eabi/12.3.1/../../../../arm-none-eabi/lib/thumb/v7-m/nofp/libstdc++_nano.a
LOAD /opt/st/stm32cubeide_1.14.0/plugins/com.st.stm32cube.ide.mcu.externaltools.gnu-tools-for-stm32.12.3.rel1.linux64_1.0.200.202406132123/tools/bin/../lib/gcc/arm-none-eabi/12.3.1/../../../../arm-none-eabi/lib/thumb/v7-m/nofp/libsupc++_nano.a
END GROUP
LOAD /opt/st/stm32cubeide_1.14.0/plugins/com.st.stm32cube.ide.mcu.externaltools.gnu-tools-for-stm32.12.3.rel1.linux64_1.0.200.202406132123/tools/bin/../lib/gcc/arm-none-eabi/12.3.1/../../../../arm-none-eabi/lib/thumb/v7-m/nofp/libstdc++_nano.a
LOAD /opt/st/stm32cubeide_1.14.0/plugins/com.st.stm32cube.ide.mcu.externaltools.gnu-tools-for-stm32.12.3.rel1.linux64_1.0.200.202406132123/tools/bin/../lib/gcc/arm-none-eabi/12.3.1/../../../../arm-none-eabi/lib/thumb/v7-m/nofp/libm.a
LOAD /opt/st/stm32cubeide_1.14.0/plugins/com.st.stm32cube.ide.mcu.externaltools.gnu-tools-for-stm32.12.3.rel1.linux64_1.0.200.202406132123/tools/bin/../lib/gcc/arm-none-eabi/12.3.1/../../../../arm-none-eabi/lib/thumb/v7-m/nofp/libc_nano.a
START GROUP
LOAD /opt/st/stm32cubeide_1.14.0/plugins/com.st.stm32cube.ide.mcu.externaltools.gnu-tools-for-stm32.12.3.rel1.linux64_1.0.200.202406132123/tools/bin/../lib/gcc/arm-none-eabi/12.3.1/thumb/v7-m/nofp/libgcc.a
LOAD /opt/st/stm32cubeide_1.14.0/plugins/com.st.stm32cube.ide.mcu.externaltools.gnu-tools-for-stm32.12.3.rel1.linux64_1.0.200.202406132123/tools/bin/../lib/gcc/arm-none-eabi/12.3.1/../../../../arm-none-eabi/lib/thumb/v7-m/nofp/libc_nano.a
END GROUP
START GROUP
LOAD /opt/st/stm32cubeide_1.14.0/plugins/com.st.stm32cube.ide.mcu.externaltools.gnu-tools-for-stm32.12.3.rel1.linux64_1.0.200.202406132123/tools/bin/../lib/gcc/arm-none-eabi/12.3.1/thumb/v7-m/nofp/libgcc.a
LOAD /opt/st/stm32cubeide_1.14.0/plugins/com.st.stm32cube.ide.mcu.externaltools.gnu-tools-for-stm32.12.3.rel1.linux64_1.0.200.202406132123/tools/bin/../lib/gcc/arm-none-eabi/12.3.1/../../../../arm-none-eabi/lib/thumb/v7-m/nofp/libc_nano.a
LOAD /opt/st/stm32cubeide_1.14.0/plugins/com.st.stm32cube.ide.mcu.externaltools.gnu-tools-for-stm32.12.3.rel1.linux64_1.0.200.202406132123/tools/bin/../lib/gcc/arm-none-eabi/12.3.1/../../../../arm-none-eabi/lib/thumb/v7-m/nofp/libnosys.a
END GROUP
START GROUP
LOAD /opt/st/stm32cubeide_1.14.0/plugins/com.st.stm32cube.ide.mcu.externaltools.gnu-tools-for-stm32.12.3.rel1.linux64_1.0.200.202406132123/tools/bin/../lib/gcc/arm-none-eabi/12.3.1/thumb/v7-m/nofp/libgcc.a
LOAD /opt/st/stm32cubeide_1.14.0/plugins/com.st.stm32cube.ide.mcu.externaltools.gnu-tools-for-stm32.12.3.rel1.linux64_1.0.200.202406132123/tools/bin/../lib/gcc/arm-none-eabi/12.3.1/../../../../arm-none-eabi/lib/thumb/v7-m/nofp/libc_nano.a
LOAD /opt/st/stm32cubeide_1.14.0/plugins/com.st.stm32cube.ide.mcu.externaltools.gnu-tools-for-stm32.12.3.rel1.linux64_1.0.200.202406132123/tools/bin/../lib/gcc/arm-none-eabi/12.3.1/../../../../arm-none-eabi/lib/thumb/v7-m/nofp/libnosys.a
END GROUP
LOAD /opt/st/stm32cubeide_1.14.0/plugins/com.st.stm32cube.ide.mcu.externaltools.gnu-tools-for-stm32.12.3.rel1.linux64_1.0.200.202406132123/tools/bin/../lib/gcc/arm-none-eabi/12.3.1/thumb/v7-m/nofp/crtend.o
LOAD /opt/st/stm32cubeide_1.14.0/plugins/com.st.stm32cube.ide.mcu.externaltools.gnu-tools-for-stm32.12.3.rel1.linux64_1.0.200.202406132123/tools/bin/../lib/gcc/arm-none-eabi/12.3.1/thumb/v7-m/nofp/crtn.o
                0x20005000                        _estack = (ORIGIN (RAM) + LENGTH (RAM))
                0x00000200                        _Min_Heap_Size = 0x200
                0x00000400                        _Min_Stack_Size = 0x400

.isr_vector     0x08000000      0x10c
                0x08000000                        . = ALIGN (0x4)
 *(.isr_vector)
 .isr_vector    0x08000000      0x10c ./Core/Startup/startup_stm32f103c8tx.o
                0x08000000                g_pfnVectors
                0x0800010c                        . = ALIGN (0x4)

.text           0x08000110     0x44ac
                0x08000110                        . = ALIGN (0x4)
 *(.text)
 .text          0x08000110       0x40 /opt/st/stm32cubeide_1.14.0/plugins/com.st.stm32cube.ide.mcu.externaltools.gnu-tools-for-stm32.12.3.rel1.linux64_1.0.200.202406132123/tools/bin/../lib/gcc/arm-none-eabi/12.3.1/thumb/v7-m/nofp/crtbegin.o
 .text          0x08000150      0x378 /opt/st/stm32cubeide_1.14.0/plugins/com.st.stm32cube.ide.mcu.externaltools.gnu-tools-for-stm32.12.3.rel1.linux64_1.0.200.202406132123/tools/bin/../lib/gcc/arm-none-eabi/12.3.1/thumb/v7-m/nofp/libgcc.a(_arm_addsubdf3.o)
                0x08000150                __aeabi_drsub
                0x08000158                __aeabi_dsub
                0x08000158                __subdf3
                0x0800015c                __adddf3
                0x0800015c                __aeabi_dadd
                0x080003d4                __aeabi_ui2d
                0x080003d4                __floatunsidf
                0x080003f4                __floatsidf
                0x080003f4                __aeabi_i2d
                0x08000418                __extendsfdf2
                0x08000418                __aeabi_f2d
                0x0800045c                __aeabi_ul2d
                0x0800045c                __floatundidf
                0x0800046c                __floatdidf
                0x0800046c                __aeabi_l2d
 .text          0x080004c8      0x110 /opt/st/stm32cubeide_1.14.0/plugins/com.st.stm32cube.ide.mcu.externaltools.gnu-tools-for-stm32.12.3.rel1.linux64_1.0.200.202406132123/tools/bin/../lib/gcc/arm-none-eabi/12.3.1/thumb/v7-m/nofp/libgcc.a(_arm_cmpdf2.o)
                0x080004c8                __gtdf2
                0x080004c8                __gedf2
                0x080004d0                __ltdf2
                0x080004d0                __ledf2
                0x080004d8                __cmpdf2
                0x080004d8                __eqdf2
                0x080004d8                __nedf2
                0x08000554                __aeabi_cdrcmple
                0x08000564                __aeabi_cdcmple
                0x08000564                __aeabi_cdcmpeq
                0x08000574                __aeabi_dcmpeq
                0x08000588                __aeabi_dcmplt
                0x0800059c                __aeabi_dcmple
                0x080005b0                __aeabi_dcmpge
                0x080005c4                __aeabi_dcmpgt
 .text          0x080005d8      0x21c /opt/st/stm32cubeide_1.14.0/plugins/com.st.stm32cube.ide.mcu.externaltools.gnu-tools-for-stm32.12.3.rel1.linux64_1.0.200.202406132123/tools/bin/../lib/gcc/arm-none-eabi/12.3.1/thumb/v7-m/nofp/libgcc.a(_arm_addsubsf3.o)
                0x080005d8                __aeabi_frsub
                0x080005e0                __subsf3
                0x080005e0                __aeabi_fsub
                0x080005e4                __aeabi_fadd
                0x080005e4                __addsf3
                0x08000744                __aeabi_ui2f
                0x08000744                __floatunsisf
                0x0800074c                __aeabi_i2f
                0x0800074c                __floatsisf
                0x08000768                __floatundisf
                0x08000768                __aeabi_ul2f
                0x08000778                __floatdisf
                0x08000778                __aeabi_l2f
 .text          0x080007f4      0x2a0 /opt/st/stm32cubeide_1.14.0/plugins/com.st.stm32cube.ide.mcu.externaltools.gnu-tools-for-stm32.12.3.rel1.linux64_1.0.200.202406132123/tools/bin/../lib/gcc/arm-none-eabi/12.3.1/thumb/v7-m/nofp/libgcc.a(_arm_muldivsf3.o)
                0x080007f4                __mulsf3
                0x080007f4                __aeabi_fmul
                0x0800095c                __divsf3
                0x0800095c                __aeabi_fdiv
 .text          0x08000a94       0xec /opt/st/stm32cubeide_1.14.0/plugins/com.st.stm32cube.ide.mcu.externaltools.gnu-tools-for-stm32.12.3.rel1.linux64_1.0.200.202406132123/tools/bin/../lib/gcc/arm-none-eabi/12.3.1/thumb/v7-m/nofp/libgcc.a(_arm_cmpsf2.o)
                0x08000a94                __gtsf2
                0x08000a94                __gesf2
                0x08000a9c                __lesf2
                0x08000a9c                __ltsf2
                0x08000aa4                __nesf2
                0x08000aa4                __eqsf2
                0x08000aa4                __cmpsf2
                0x08000b04                __aeabi_cfrcmple
                0x08000b0c                __aeabi_cfcmple
                0x08000b0c                __aeabi_cfcmpeq
                0x08000b1c                __aeabi_fcmpeq
                0x08000b30                __aeabi_fcmplt
                0x08000b44                __aeabi_fcmple
                0x08000b58                __aeabi_fcmpge
                0x08000b6c                __aeabi_fcmpgt
 .text          0x08000b80       0x30 /opt/st/stm32cubeide_1.14.0/plugins/com.st.stm32cube.ide.mcu.externaltools.gnu-tools-for-stm32.12.3.rel1.linux64_1.0.200.202406132123/tools/bin/../lib/gcc/arm-none-eabi/12.3.1/thumb/v7-m/nofp/libgcc.a(_aeabi_uldivmod.o)
                0x08000b80                __aeabi_uldivmod
 .text          0x08000bb0      0x2b8 /opt/st/stm32cubeide_1.14.0/plugins/com.st.stm32cube.ide.mcu.externaltools.gnu-tools-for-stm32.12.3.rel1.linux64_1.0.200.202406132123/tools/bin/../lib/gcc/arm-none-eabi/12.3.1/thumb/v7-m/nofp/libgcc.a(_udivmoddi4.o)
                0x08000bb0                __udivmoddi4
 .text          0x08000e68        0x4 /opt/st/stm32cubeide_1.14.0/plugins/com.st.stm32cube.ide.mcu.externaltools.gnu-tools-for-stm32.12.3.rel1.linux64_1.0.200.202406132123/tools/bin/../lib/gcc/arm-none-eabi/12.3.1/thumb/v7-m/nofp/libgcc.a(_dvmd_tls.o)
                0x08000e68                __aeabi_ldiv0
                0x08000e68                __aeabi_idiv0
 *(.text*)
 .text._Z20SX1278_SPIBurstWriteP8SX1278_thPhh.part.0
                0x08000e6c       0x38 ./App/SX1278/SX1278.o
 .text._Z14SX1278_SPIReadP8SX1278_th
                0x08000ea4       0x1e ./App/SX1278/SX1278.o
                0x08000ea4                SX1278_SPIRead(SX1278_t*, unsigned char)
 .text._Z15SX1278_SPIWriteP8SX1278_thh
                0x08000ec2       0x2e ./App/SX1278/SX1278.o
                0x08000ec2                SX1278_SPIWrite(SX1278_t*, unsigned char, unsigned char)
 .text._Z20SX1278_SPIBurstWriteP8SX1278_thPhh
                0x08000ef0        0xa ./App/SX1278/SX1278.o
                0x08000ef0                SX1278_SPIBurstWrite(SX1278_t*, unsigned char, unsigned char*, unsigned char)
 .text._Z14SX1278_standbyP8SX1278_t
                0x08000efa       0x12 ./App/SX1278/SX1278.o
                0x08000efa                SX1278_standby(SX1278_t*)
 .text._Z12SX1278_sleepP8SX1278_t
                0x08000f0c       0x12 ./App/SX1278/SX1278.o
                0x08000f0c                SX1278_sleep(SX1278_t*)
 .text._Z16SX1278_entryLoRaP8SX1278_t
                0x08000f1e        0x8 ./App/SX1278/SX1278.o
                0x08000f1e                SX1278_entryLoRa(SX1278_t*)
 *fill*         0x08000f26        0x2 
 .text._Z13SX1278_configP8SX1278_t
                0x08000f28      0x158 ./App/SX1278/SX1278.o
                0x08000f28                SX1278_config(SX1278_t*)
 .text._Z19SX1278_clearLoRaIrqP8SX1278_t
                0x08001080        0x8 ./App/SX1278/SX1278.o
                0x08001080                SX1278_clearLoRaIrq(SX1278_t*)
 .text._Z18SX1278_LoRaEntryTxP8SX1278_thm
                0x08001088       0x80 ./App/SX1278/SX1278.o
                0x08001088                SX1278_LoRaEntryTx(SX1278_t*, unsigned char, unsigned long)
 .text._Z19SX1278_LoRaTxPacketP8SX1278_tPhhm
                0x08001108       0x58 ./App/SX1278/SX1278.o
                0x08001108                SX1278_LoRaTxPacket(SX1278_t*, unsigned char*, unsigned char, unsigned long)
 .text._Z11SX1278_initP8SX1278_tyhhhhhh
                0x08001160       0x50 ./App/SX1278/SX1278.o
                0x08001160                SX1278_init(SX1278_t*, unsigned long long, unsigned char, unsigned char, unsigned char, unsigned char, unsigned char, unsigned char)
 .text._Z11SX1278_RSSIP8SX1278_t
                0x080011b0       0x14 ./App/SX1278/SX1278.o
                0x080011b0                SX1278_RSSI(SX1278_t*)
 .text._Z16SX1278_hw_SetNSSP11SX1278_hw_ti
                0x080011c4        0xe ./App/SX1278/SX1278_hw.o
                0x080011c4                SX1278_hw_SetNSS(SX1278_hw_t*, int)
 .text._Z14SX1278_hw_initP11SX1278_hw_t
                0x080011d2       0x18 ./App/SX1278/SX1278_hw.o
                0x080011d2                SX1278_hw_init(SX1278_hw_t*)
 .text._Z20SX1278_hw_SPICommandP11SX1278_hw_th
                0x080011ea       0x2c ./App/SX1278/SX1278_hw.o
                0x080011ea                SX1278_hw_SPICommand(SX1278_hw_t*, unsigned char)
 .text._Z21SX1278_hw_SPIReadByteP11SX1278_hw_t
                0x08001216       0x3a ./App/SX1278/SX1278_hw.o
                0x08001216                SX1278_hw_SPIReadByte(SX1278_hw_t*)
 .text._Z17SX1278_hw_DelayMsm
                0x08001250        0x4 ./App/SX1278/SX1278_hw.o
                0x08001250                SX1278_hw_DelayMs(unsigned long)
 .text._Z15SX1278_hw_ResetP11SX1278_hw_t
                0x08001254       0x2c ./App/SX1278/SX1278_hw.o
                0x08001254                SX1278_hw_Reset(SX1278_hw_t*)
 .text._Z17SX1278_hw_GetDIO0P11SX1278_hw_t
                0x08001280       0x12 ./App/SX1278/SX1278_hw.o
                0x08001280                SX1278_hw_GetDIO0(SX1278_hw_t*)
 *fill*         0x08001292        0x6 
 .text._Z10initSX1278v
                0x08001298       0x70 ./App/app.o
                0x08001298                initSX1278()
 .text._Z9sendStatePKcffS0_
                0x08001308       0x94 ./App/app.o
                0x08001308                sendState(char const*, float, float, char const*)
 .text._Z31displayStateCalculationProgressm
                0x0800139c       0x3c ./App/app.o
                0x0800139c                displayStateCalculationProgress(unsigned long)
 .text._Z12displayStateff
                0x080013d8       0x74 ./App/app.o
                0x080013d8                displayState(float, float)
 *fill*         0x0800144c        0x4 
 .text.appMain  0x08001450      0x140 ./App/app.o
                0x08001450                appMain
 .text._ZN5DTH22C2EP12GPIO_TypeDeft
                0x08001590       0x10 ./App/dth22/dth22.class.o
                0x08001590                DTH22::DTH22(GPIO_TypeDef*, unsigned short)
                0x08001590                DTH22::DTH22(GPIO_TypeDef*, unsigned short)
 .text._ZN5DTH2210dht22StartEv
                0x080015a0       0x9a ./App/dth22/dth22.class.o
                0x080015a0                DTH22::dht22Start()
 .text._ZN5DTH2213dht22ReadByteEv
                0x0800163a       0x82 ./App/dth22/dth22.class.o
                0x0800163a                DTH22::dht22ReadByte()
 .text._ZN5DTH224readEv
                0x080016bc       0xcc ./App/dth22/dth22.class.o
                0x080016bc                DTH22::read()
 .text._ZL20ssd1306_WriteCommandP17I2C_HandleTypeDefh
                0x08001788       0x22 ./App/ssd1306/ssd1306.o
 *fill*         0x080017aa        0x2 
 .text._Z12ssd1306_Fill13SSD1306_COLOR
                0x080017ac       0x20 ./App/ssd1306/ssd1306.o
                0x080017ac                ssd1306_Fill(SSD1306_COLOR)
 .text._Z20ssd1306_UpdateScreenP17I2C_HandleTypeDef
                0x080017cc       0x4c ./App/ssd1306/ssd1306.o
                0x080017cc                ssd1306_UpdateScreen(I2C_HandleTypeDef*)
 .text._Z12ssd1306_InitP17I2C_HandleTypeDef
                0x08001818      0x148 ./App/ssd1306/ssd1306.o
                0x08001818                ssd1306_Init(I2C_HandleTypeDef*)
 .text._Z17ssd1306_DrawPixelhh13SSD1306_COLOR
                0x08001960       0x48 ./App/ssd1306/ssd1306.o
                0x08001960                ssd1306_DrawPixel(unsigned char, unsigned char, SSD1306_COLOR)
 .text._Z17ssd1306_WriteCharc7FontDef13SSD1306_COLOR
                0x080019a8       0xa4 ./App/ssd1306/ssd1306.o
                0x080019a8                ssd1306_WriteChar(char, FontDef, SSD1306_COLOR)
 .text._Z19ssd1306_WriteStringPKc7FontDef13SSD1306_COLOR
                0x08001a4c       0x28 ./App/ssd1306/ssd1306.o
                0x08001a4c                ssd1306_WriteString(char const*, FontDef, SSD1306_COLOR)
 .text._Z17ssd1306_SetCursorhh
                0x08001a74        0xc ./App/ssd1306/ssd1306.o
                0x08001a74                ssd1306_SetCursor(unsigned char, unsigned char)
 .text.__NVIC_SystemReset
                0x08001a80       0x24 ./Core/Src/main.o
 .text.SystemClock_Config
                0x08001aa4       0x7a ./Core/Src/main.o
                0x08001aa4                SystemClock_Config
 *fill*         0x08001b1e        0x2 
 .text.startup.main
                0x08001b20      0x278 ./Core/Src/main.o
                0x08001b20                main
 .text.microDelay
                0x08001d98       0x14 ./Core/Src/main.o
                0x08001d98                microDelay
 .text.HAL_MspInit
                0x08001dac       0x44 ./Core/Src/stm32f1xx_hal_msp.o
                0x08001dac                HAL_MspInit
 .text.HAL_I2C_MspInit
                0x08001df0       0x64 ./Core/Src/stm32f1xx_hal_msp.o
                0x08001df0                HAL_I2C_MspInit
 .text.HAL_RTC_MspInit
                0x08001e54       0x3c ./Core/Src/stm32f1xx_hal_msp.o
                0x08001e54                HAL_RTC_MspInit
 .text.HAL_SPI_MspInit
                0x08001e90       0x74 ./Core/Src/stm32f1xx_hal_msp.o
                0x08001e90                HAL_SPI_MspInit
 .text.HAL_TIM_Base_MspInit
                0x08001f04       0x28 ./Core/Src/stm32f1xx_hal_msp.o
                0x08001f04                HAL_TIM_Base_MspInit
 .text.NMI_Handler
                0x08001f2c        0x2 ./Core/Src/stm32f1xx_it.o
                0x08001f2c                NMI_Handler
 .text.HardFault_Handler
                0x08001f2e        0x2 ./Core/Src/stm32f1xx_it.o
                0x08001f2e                HardFault_Handler
 .text.MemManage_Handler
                0x08001f30        0x2 ./Core/Src/stm32f1xx_it.o
                0x08001f30                MemManage_Handler
 .text.BusFault_Handler
                0x08001f32        0x2 ./Core/Src/stm32f1xx_it.o
                0x08001f32                BusFault_Handler
 .text.UsageFault_Handler
                0x08001f34        0x2 ./Core/Src/stm32f1xx_it.o
                0x08001f34                UsageFault_Handler
 .text.SVC_Handler
                0x08001f36        0x2 ./Core/Src/stm32f1xx_it.o
                0x08001f36                SVC_Handler
 .text.DebugMon_Handler
                0x08001f38        0x2 ./Core/Src/stm32f1xx_it.o
                0x08001f38                DebugMon_Handler
 .text.PendSV_Handler
                0x08001f3a        0x2 ./Core/Src/stm32f1xx_it.o
                0x08001f3a                PendSV_Handler
 .text.SysTick_Handler
                0x08001f3c        0x4 ./Core/Src/stm32f1xx_it.o
                0x08001f3c                SysTick_Handler
 .text._sbrk    0x08001f40       0x40 ./Core/Src/sysmem.o
                0x08001f40                _sbrk
 .text.SystemInit
                0x08001f80        0x2 ./Core/Src/system_stm32f1xx.o
                0x08001f80                SystemInit
 *fill*         0x08001f82        0x2 
 .text.Reset_Handler
                0x08001f84       0x48 ./Core/Startup/startup_stm32f103c8tx.o
                0x08001f84                Reset_Handler
 .text.Default_Handler
                0x08001fcc        0x2 ./Core/Startup/startup_stm32f103c8tx.o
                0x08001fcc                RTC_Alarm_IRQHandler
                0x08001fcc                EXTI2_IRQHandler
                0x08001fcc                TIM1_CC_IRQHandler
                0x08001fcc                PVD_IRQHandler
                0x08001fcc                EXTI3_IRQHandler
                0x08001fcc                EXTI0_IRQHandler
                0x08001fcc                I2C2_EV_IRQHandler
                0x08001fcc                ADC1_2_IRQHandler
                0x08001fcc                SPI1_IRQHandler
                0x08001fcc                TAMPER_IRQHandler
                0x08001fcc                DMA1_Channel4_IRQHandler
                0x08001fcc                USART3_IRQHandler
                0x08001fcc                RTC_IRQHandler
                0x08001fcc                DMA1_Channel7_IRQHandler
                0x08001fcc                CAN1_RX1_IRQHandler
                0x08001fcc                TIM4_IRQHandler
                0x08001fcc                I2C1_EV_IRQHandler
                0x08001fcc                DMA1_Channel6_IRQHandler
                0x08001fcc                TIM3_IRQHandler
                0x08001fcc                RCC_IRQHandler
                0x08001fcc                TIM1_TRG_COM_IRQHandler
                0x08001fcc                DMA1_Channel1_IRQHandler
                0x08001fcc                Default_Handler
                0x08001fcc                EXTI15_10_IRQHandler
                0x08001fcc                EXTI9_5_IRQHandler
                0x08001fcc                SPI2_IRQHandler
                0x08001fcc                DMA1_Channel5_IRQHandler
                0x08001fcc                EXTI4_IRQHandler
                0x08001fcc                USB_LP_CAN1_RX0_IRQHandler
                0x08001fcc                USB_HP_CAN1_TX_IRQHandler
                0x08001fcc                DMA1_Channel3_IRQHandler
                0x08001fcc                TIM1_UP_IRQHandler
                0x08001fcc                WWDG_IRQHandler
                0x08001fcc                TIM2_IRQHandler
                0x08001fcc                TIM1_BRK_IRQHandler
                0x08001fcc                EXTI1_IRQHandler
                0x08001fcc                USART2_IRQHandler
                0x08001fcc                I2C2_ER_IRQHandler
                0x08001fcc                DMA1_Channel2_IRQHandler
                0x08001fcc                CAN1_SCE_IRQHandler
                0x08001fcc                FLASH_IRQHandler
                0x08001fcc                USART1_IRQHandler
                0x08001fcc                I2C1_ER_IRQHandler
                0x08001fcc                USBWakeUp_IRQHandler
 *fill*         0x08001fce        0x2 
 .text.HAL_InitTick
                0x08001fd0       0x48 ./Drivers/STM32F1xx_HAL_Driver/Src/stm32f1xx_hal.o
                0x08001fd0                HAL_InitTick
 .text.HAL_Init
                0x08002018       0x24 ./Drivers/STM32F1xx_HAL_Driver/Src/stm32f1xx_hal.o
                0x08002018                HAL_Init
 .text.HAL_IncTick
                0x0800203c       0x18 ./Drivers/STM32F1xx_HAL_Driver/Src/stm32f1xx_hal.o
                0x0800203c                HAL_IncTick
 .text.HAL_GetTick
                0x08002054        0xc ./Drivers/STM32F1xx_HAL_Driver/Src/stm32f1xx_hal.o
                0x08002054                HAL_GetTick
 .text.HAL_Delay
                0x08002060       0x24 ./Drivers/STM32F1xx_HAL_Driver/Src/stm32f1xx_hal.o
                0x08002060                HAL_Delay
 .text.HAL_NVIC_SetPriorityGrouping
                0x08002084       0x24 ./Drivers/STM32F1xx_HAL_Driver/Src/stm32f1xx_hal_cortex.o
                0x08002084                HAL_NVIC_SetPriorityGrouping
 .text.HAL_NVIC_SetPriority
                0x080020a8       0x60 ./Drivers/STM32F1xx_HAL_Driver/Src/stm32f1xx_hal_cortex.o
                0x080020a8                HAL_NVIC_SetPriority
 .text.HAL_SYSTICK_Config
                0x08002108       0x28 ./Drivers/STM32F1xx_HAL_Driver/Src/stm32f1xx_hal_cortex.o
                0x08002108                HAL_SYSTICK_Config
 .text.HAL_GPIO_Init
                0x08002130      0x1b0 ./Drivers/STM32F1xx_HAL_Driver/Src/stm32f1xx_hal_gpio.o
                0x08002130                HAL_GPIO_Init
 .text.HAL_GPIO_ReadPin
                0x080022e0        0xc ./Drivers/STM32F1xx_HAL_Driver/Src/stm32f1xx_hal_gpio.o
                0x080022e0                HAL_GPIO_ReadPin
 .text.HAL_GPIO_WritePin
                0x080022ec        0xa ./Drivers/STM32F1xx_HAL_Driver/Src/stm32f1xx_hal_gpio.o
                0x080022ec                HAL_GPIO_WritePin
 .text.I2C_IsAcknowledgeFailed
                0x080022f6       0x32 ./Drivers/STM32F1xx_HAL_Driver/Src/stm32f1xx_hal_i2c.o
 .text.I2C_WaitOnFlagUntilTimeout
                0x08002328       0x80 ./Drivers/STM32F1xx_HAL_Driver/Src/stm32f1xx_hal_i2c.o
 .text.I2C_WaitOnMasterAddressFlagUntilTimeout
                0x080023a8       0x84 ./Drivers/STM32F1xx_HAL_Driver/Src/stm32f1xx_hal_i2c.o
 .text.I2C_WaitOnTXEFlagUntilTimeout
                0x0800242c       0x54 ./Drivers/STM32F1xx_HAL_Driver/Src/stm32f1xx_hal_i2c.o
 .text.I2C_RequestMemoryWrite
                0x08002480       0xb4 ./Drivers/STM32F1xx_HAL_Driver/Src/stm32f1xx_hal_i2c.o
 .text.I2C_WaitOnBTFFlagUntilTimeout
                0x08002534       0x54 ./Drivers/STM32F1xx_HAL_Driver/Src/stm32f1xx_hal_i2c.o
 .text.HAL_I2C_Init
                0x08002588      0x150 ./Drivers/STM32F1xx_HAL_Driver/Src/stm32f1xx_hal_i2c.o
                0x08002588                HAL_I2C_Init
 .text.HAL_I2C_Mem_Write
                0x080026d8      0x120 ./Drivers/STM32F1xx_HAL_Driver/Src/stm32f1xx_hal_i2c.o
                0x080026d8                HAL_I2C_Mem_Write
 .text.HAL_PWR_EnableBkUpAccess
                0x080027f8        0xc ./Drivers/STM32F1xx_HAL_Driver/Src/stm32f1xx_hal_pwr.o
                0x080027f8                HAL_PWR_EnableBkUpAccess
 .text.HAL_PWR_EnableWakeUpPin
                0x08002804       0x18 ./Drivers/STM32F1xx_HAL_Driver/Src/stm32f1xx_hal_pwr.o
                0x08002804                HAL_PWR_EnableWakeUpPin
 .text.HAL_PWR_EnterSTANDBYMode
                0x0800281c       0x20 ./Drivers/STM32F1xx_HAL_Driver/Src/stm32f1xx_hal_pwr.o
                0x0800281c                HAL_PWR_EnterSTANDBYMode
 .text.HAL_RCC_OscConfig
                0x0800283c      0x338 ./Drivers/STM32F1xx_HAL_Driver/Src/stm32f1xx_hal_rcc.o
                0x0800283c                HAL_RCC_OscConfig
 .text.HAL_RCC_GetSysClockFreq
                0x08002b74       0x4c ./Drivers/STM32F1xx_HAL_Driver/Src/stm32f1xx_hal_rcc.o
                0x08002b74                HAL_RCC_GetSysClockFreq
 .text.HAL_RCC_ClockConfig
                0x08002bc0      0x138 ./Drivers/STM32F1xx_HAL_Driver/Src/stm32f1xx_hal_rcc.o
                0x08002bc0                HAL_RCC_ClockConfig
 .text.HAL_RCC_GetPCLK1Freq
                0x08002cf8       0x20 ./Drivers/STM32F1xx_HAL_Driver/Src/stm32f1xx_hal_rcc.o
                0x08002cf8                HAL_RCC_GetPCLK1Freq
 .text.HAL_RCC_GetPCLK2Freq
                0x08002d18       0x20 ./Drivers/STM32F1xx_HAL_Driver/Src/stm32f1xx_hal_rcc.o
                0x08002d18                HAL_RCC_GetPCLK2Freq
 .text.HAL_RCCEx_PeriphCLKConfig
                0x08002d38       0xf4 ./Drivers/STM32F1xx_HAL_Driver/Src/stm32f1xx_hal_rcc_ex.o
                0x08002d38                HAL_RCCEx_PeriphCLKConfig
 .text.HAL_RCCEx_GetPeriphCLKFreq
                0x08002e2c       0xbc ./Drivers/STM32F1xx_HAL_Driver/Src/stm32f1xx_hal_rcc_ex.o
                0x08002e2c                HAL_RCCEx_GetPeriphCLKFreq
 .text.RTC_ReadTimeCounter
                0x08002ee8       0x24 ./Drivers/STM32F1xx_HAL_Driver/Src/stm32f1xx_hal_rtc.o
 .text.RTC_ReadAlarmCounter
                0x08002f0c        0xe ./Drivers/STM32F1xx_HAL_Driver/Src/stm32f1xx_hal_rtc.o
 .text.RTC_ByteToBcd2
                0x08002f1a       0x16 ./Drivers/STM32F1xx_HAL_Driver/Src/stm32f1xx_hal_rtc.o
 .text.RTC_Bcd2ToByte
                0x08002f30       0x10 ./Drivers/STM32F1xx_HAL_Driver/Src/stm32f1xx_hal_rtc.o
 .text.RTC_WeekDayNum
                0x08002f40       0x62 ./Drivers/STM32F1xx_HAL_Driver/Src/stm32f1xx_hal_rtc.o
 .text.RTC_EnterInitMode
                0x08002fa2       0x2e ./Drivers/STM32F1xx_HAL_Driver/Src/stm32f1xx_hal_rtc.o
 .text.RTC_ExitInitMode
                0x08002fd0       0x30 ./Drivers/STM32F1xx_HAL_Driver/Src/stm32f1xx_hal_rtc.o
 .text.RTC_WriteTimeCounter
                0x08003000       0x28 ./Drivers/STM32F1xx_HAL_Driver/Src/stm32f1xx_hal_rtc.o
 .text.RTC_WriteAlarmCounter
                0x08003028       0x28 ./Drivers/STM32F1xx_HAL_Driver/Src/stm32f1xx_hal_rtc.o
 .text.HAL_RTC_SetTime
                0x08003050       0xa2 ./Drivers/STM32F1xx_HAL_Driver/Src/stm32f1xx_hal_rtc.o
                0x08003050                HAL_RTC_SetTime
 *fill*         0x080030f2        0x2 
 .text.HAL_RTC_GetTime
                0x080030f4      0x168 ./Drivers/STM32F1xx_HAL_Driver/Src/stm32f1xx_hal_rtc.o
                0x080030f4                HAL_RTC_GetTime
 .text.HAL_RTC_SetDate
                0x0800325c       0xac ./Drivers/STM32F1xx_HAL_Driver/Src/stm32f1xx_hal_rtc.o
                0x0800325c                HAL_RTC_SetDate
 .text.HAL_RTC_SetAlarm
                0x08003308       0xb0 ./Drivers/STM32F1xx_HAL_Driver/Src/stm32f1xx_hal_rtc.o
                0x08003308                HAL_RTC_SetAlarm
 .text.HAL_RTC_WaitForSynchro
                0x080033b8       0x36 ./Drivers/STM32F1xx_HAL_Driver/Src/stm32f1xx_hal_rtc.o
                0x080033b8                HAL_RTC_WaitForSynchro
 *fill*         0x080033ee        0x2 
 .text.HAL_RTC_Init
                0x080033f0       0x8c ./Drivers/STM32F1xx_HAL_Driver/Src/stm32f1xx_hal_rtc.o
                0x080033f0                HAL_RTC_Init
 .text.SPI_WaitFlagStateUntilTimeout
                0x0800347c       0xb8 ./Drivers/STM32F1xx_HAL_Driver/Src/stm32f1xx_hal_spi.o
 .text.SPI_EndRxTxTransaction
                0x08003534       0x38 ./Drivers/STM32F1xx_HAL_Driver/Src/stm32f1xx_hal_spi.o
 .text.HAL_SPI_Init
                0x0800356c       0xb0 ./Drivers/STM32F1xx_HAL_Driver/Src/stm32f1xx_hal_spi.o
                0x0800356c                HAL_SPI_Init
 .text.HAL_SPI_Transmit
                0x0800361c      0x160 ./Drivers/STM32F1xx_HAL_Driver/Src/stm32f1xx_hal_spi.o
                0x0800361c                HAL_SPI_Transmit
 .text.HAL_SPI_TransmitReceive
                0x0800377c      0x1f8 ./Drivers/STM32F1xx_HAL_Driver/Src/stm32f1xx_hal_spi.o
                0x0800377c                HAL_SPI_TransmitReceive
 .text.HAL_SPI_GetState
                0x08003974        0x6 ./Drivers/STM32F1xx_HAL_Driver/Src/stm32f1xx_hal_spi.o
                0x08003974                HAL_SPI_GetState
 *fill*         0x0800397a        0x2 
 .text.HAL_TIM_Base_Start
                0x0800397c       0x4c ./Drivers/STM32F1xx_HAL_Driver/Src/stm32f1xx_hal_tim.o
                0x0800397c                HAL_TIM_Base_Start
 .text.TIM_Base_SetConfig
                0x080039c8       0x80 ./Drivers/STM32F1xx_HAL_Driver/Src/stm32f1xx_hal_tim.o
                0x080039c8                TIM_Base_SetConfig
 .text.HAL_TIM_Base_Init
                0x08003a48       0x58 ./Drivers/STM32F1xx_HAL_Driver/Src/stm32f1xx_hal_tim.o
                0x08003a48                HAL_TIM_Base_Init
 .text.TIM_ETR_SetConfig
                0x08003aa0       0x14 ./Drivers/STM32F1xx_HAL_Driver/Src/stm32f1xx_hal_tim.o
                0x08003aa0                TIM_ETR_SetConfig
 .text.HAL_TIM_ConfigClockSource
                0x08003ab4      0x132 ./Drivers/STM32F1xx_HAL_Driver/Src/stm32f1xx_hal_tim.o
                0x08003ab4                HAL_TIM_ConfigClockSource
 *fill*         0x08003be6        0x2 
 .text.HAL_TIMEx_MasterConfigSynchronization
                0x08003be8       0x5c ./Drivers/STM32F1xx_HAL_Driver/Src/stm32f1xx_hal_tim_ex.o
                0x08003be8                HAL_TIMEx_MasterConfigSynchronization
 .text.sprintf  0x08003c44       0x40 /opt/st/stm32cubeide_1.14.0/plugins/com.st.stm32cube.ide.mcu.externaltools.gnu-tools-for-stm32.12.3.rel1.linux64_1.0.200.202406132123/tools/bin/../lib/gcc/arm-none-eabi/12.3.1/../../../../arm-none-eabi/lib/thumb/v7-m/nofp/libc_nano.a(libc_a-sprintf.o)
                0x08003c44                sprintf
                0x08003c44                siprintf
 .text.memset   0x08003c84       0x10 /opt/st/stm32cubeide_1.14.0/plugins/com.st.stm32cube.ide.mcu.externaltools.gnu-tools-for-stm32.12.3.rel1.linux64_1.0.200.202406132123/tools/bin/../lib/gcc/arm-none-eabi/12.3.1/../../../../arm-none-eabi/lib/thumb/v7-m/nofp/libc_nano.a(libc_a-memset.o)
                0x08003c84                memset
 .text.__errno  0x08003c94        0xc /opt/st/stm32cubeide_1.14.0/plugins/com.st.stm32cube.ide.mcu.externaltools.gnu-tools-for-stm32.12.3.rel1.linux64_1.0.200.202406132123/tools/bin/../lib/gcc/arm-none-eabi/12.3.1/../../../../arm-none-eabi/lib/thumb/v7-m/nofp/libc_nano.a(libc_a-errno.o)
                0x08003c94                __errno
 .text.__libc_init_array
                0x08003ca0       0x48 /opt/st/stm32cubeide_1.14.0/plugins/com.st.stm32cube.ide.mcu.externaltools.gnu-tools-for-stm32.12.3.rel1.linux64_1.0.200.202406132123/tools/bin/../lib/gcc/arm-none-eabi/12.3.1/../../../../arm-none-eabi/lib/thumb/v7-m/nofp/libc_nano.a(libc_a-init.o)
                0x08003ca0                __libc_init_array
 .text.__retarget_lock_acquire_recursive
                0x08003ce8        0x2 /opt/st/stm32cubeide_1.14.0/plugins/com.st.stm32cube.ide.mcu.externaltools.gnu-tools-for-stm32.12.3.rel1.linux64_1.0.200.202406132123/tools/bin/../lib/gcc/arm-none-eabi/12.3.1/../../../../arm-none-eabi/lib/thumb/v7-m/nofp/libc_nano.a(libc_a-lock.o)
                0x08003ce8                __retarget_lock_acquire_recursive
 .text.__retarget_lock_release_recursive
                0x08003cea        0x2 /opt/st/stm32cubeide_1.14.0/plugins/com.st.stm32cube.ide.mcu.externaltools.gnu-tools-for-stm32.12.3.rel1.linux64_1.0.200.202406132123/tools/bin/../lib/gcc/arm-none-eabi/12.3.1/../../../../arm-none-eabi/lib/thumb/v7-m/nofp/libc_nano.a(libc_a-lock.o)
                0x08003cea                __retarget_lock_release_recursive
 .text.memcpy   0x08003cec       0x1c /opt/st/stm32cubeide_1.14.0/plugins/com.st.stm32cube.ide.mcu.externaltools.gnu-tools-for-stm32.12.3.rel1.linux64_1.0.200.202406132123/tools/bin/../lib/gcc/arm-none-eabi/12.3.1/../../../../arm-none-eabi/lib/thumb/v7-m/nofp/libc_nano.a(libc_a-memcpy-stub.o)
                0x08003cec                memcpy
 .text._free_r  0x08003d08       0x90 /opt/st/stm32cubeide_1.14.0/plugins/com.st.stm32cube.ide.mcu.externaltools.gnu-tools-for-stm32.12.3.rel1.linux64_1.0.200.202406132123/tools/bin/../lib/gcc/arm-none-eabi/12.3.1/../../../../arm-none-eabi/lib/thumb/v7-m/nofp/libc_nano.a(libc_a-freer.o)
                0x08003d08                _free_r
 .text.sbrk_aligned
                0x08003d98       0x44 /opt/st/stm32cubeide_1.14.0/plugins/com.st.stm32cube.ide.mcu.externaltools.gnu-tools-for-stm32.12.3.rel1.linux64_1.0.200.202406132123/tools/bin/../lib/gcc/arm-none-eabi/12.3.1/../../../../arm-none-eabi/lib/thumb/v7-m/nofp/libc_nano.a(libc_a-mallocr.o)
 .text._malloc_r
                0x08003ddc      0x100 /opt/st/stm32cubeide_1.14.0/plugins/com.st.stm32cube.ide.mcu.externaltools.gnu-tools-for-stm32.12.3.rel1.linux64_1.0.200.202406132123/tools/bin/../lib/gcc/arm-none-eabi/12.3.1/../../../../arm-none-eabi/lib/thumb/v7-m/nofp/libc_nano.a(libc_a-mallocr.o)
                0x08003ddc                _malloc_r
 .text.__malloc_lock
                0x08003edc        0xc /opt/st/stm32cubeide_1.14.0/plugins/com.st.stm32cube.ide.mcu.externaltools.gnu-tools-for-stm32.12.3.rel1.linux64_1.0.200.202406132123/tools/bin/../lib/gcc/arm-none-eabi/12.3.1/../../../../arm-none-eabi/lib/thumb/v7-m/nofp/libc_nano.a(libc_a-mlock.o)
                0x08003edc                __malloc_lock
 .text.__malloc_unlock
                0x08003ee8        0xc /opt/st/stm32cubeide_1.14.0/plugins/com.st.stm32cube.ide.mcu.externaltools.gnu-tools-for-stm32.12.3.rel1.linux64_1.0.200.202406132123/tools/bin/../lib/gcc/arm-none-eabi/12.3.1/../../../../arm-none-eabi/lib/thumb/v7-m/nofp/libc_nano.a(libc_a-mlock.o)
                0x08003ee8                __malloc_unlock
 .text.__ssputs_r
                0x08003ef4       0xb6 /opt/st/stm32cubeide_1.14.0/plugins/com.st.stm32cube.ide.mcu.externaltools.gnu-tools-for-stm32.12.3.rel1.linux64_1.0.200.202406132123/tools/bin/../lib/gcc/arm-none-eabi/12.3.1/../../../../arm-none-eabi/lib/thumb/v7-m/nofp/libc_nano.a(libc_a-nano-svfprintf.o)
                0x08003ef4                __ssputs_r
 *fill*         0x08003faa        0x2 
 .text._svfprintf_r
                0x08003fac      0x1f8 /opt/st/stm32cubeide_1.14.0/plugins/com.st.stm32cube.ide.mcu.externaltools.gnu-tools-for-stm32.12.3.rel1.linux64_1.0.200.202406132123/tools/bin/../lib/gcc/arm-none-eabi/12.3.1/../../../../arm-none-eabi/lib/thumb/v7-m/nofp/libc_nano.a(libc_a-nano-svfprintf.o)
                0x08003fac                _svfprintf_r
                0x08003fac                _svfiprintf_r
 .text._printf_common
                0x080041a4       0xe4 /opt/st/stm32cubeide_1.14.0/plugins/com.st.stm32cube.ide.mcu.externaltools.gnu-tools-for-stm32.12.3.rel1.linux64_1.0.200.202406132123/tools/bin/../lib/gcc/arm-none-eabi/12.3.1/../../../../arm-none-eabi/lib/thumb/v7-m/nofp/libc_nano.a(libc_a-nano-vfprintf_i.o)
                0x080041a4                _printf_common
 .text._printf_i
                0x08004288      0x240 /opt/st/stm32cubeide_1.14.0/plugins/com.st.stm32cube.ide.mcu.externaltools.gnu-tools-for-stm32.12.3.rel1.linux64_1.0.200.202406132123/tools/bin/../lib/gcc/arm-none-eabi/12.3.1/../../../../arm-none-eabi/lib/thumb/v7-m/nofp/libc_nano.a(libc_a-nano-vfprintf_i.o)
                0x08004288                _printf_i
 .text.memmove  0x080044c8       0x34 /opt/st/stm32cubeide_1.14.0/plugins/com.st.stm32cube.ide.mcu.externaltools.gnu-tools-for-stm32.12.3.rel1.linux64_1.0.200.202406132123/tools/bin/../lib/gcc/arm-none-eabi/12.3.1/../../../../arm-none-eabi/lib/thumb/v7-m/nofp/libc_nano.a(libc_a-memmove.o)
                0x080044c8                memmove
 .text._sbrk_r  0x080044fc       0x20 /opt/st/stm32cubeide_1.14.0/plugins/com.st.stm32cube.ide.mcu.externaltools.gnu-tools-for-stm32.12.3.rel1.linux64_1.0.200.202406132123/tools/bin/../lib/gcc/arm-none-eabi/12.3.1/../../../../arm-none-eabi/lib/thumb/v7-m/nofp/libc_nano.a(libc_a-sbrkr.o)
                0x080044fc                _sbrk_r
 .text.memchr   0x0800451c       0x1c /opt/st/stm32cubeide_1.14.0/plugins/com.st.stm32cube.ide.mcu.externaltools.gnu-tools-for-stm32.12.3.rel1.linux64_1.0.200.202406132123/tools/bin/../lib/gcc/arm-none-eabi/12.3.1/../../../../arm-none-eabi/lib/thumb/v7-m/nofp/libc_nano.a(libc_a-memchr-stub.o)
                0x0800451c                memchr
 .text._realloc_r
                0x08004538       0x5c /opt/st/stm32cubeide_1.14.0/plugins/com.st.stm32cube.ide.mcu.externaltools.gnu-tools-for-stm32.12.3.rel1.linux64_1.0.200.202406132123/tools/bin/../lib/gcc/arm-none-eabi/12.3.1/../../../../arm-none-eabi/lib/thumb/v7-m/nofp/libc_nano.a(libc_a-reallocr.o)
                0x08004538                _realloc_r
 .text._malloc_usable_size_r
                0x08004594       0x10 /opt/st/stm32cubeide_1.14.0/plugins/com.st.stm32cube.ide.mcu.externaltools.gnu-tools-for-stm32.12.3.rel1.linux64_1.0.200.202406132123/tools/bin/../lib/gcc/arm-none-eabi/12.3.1/../../../../arm-none-eabi/lib/thumb/v7-m/nofp/libc_nano.a(libc_a-msizer.o)
                0x08004594                _malloc_usable_size_r
 *(.glue_7)
 .glue_7        0x080045a4        0x0 linker stubs
 *(.glue_7t)
 .glue_7t       0x080045a4        0x0 linker stubs
 *(.eh_frame)
 .eh_frame      0x080045a4        0x0 /opt/st/stm32cubeide_1.14.0/plugins/com.st.stm32cube.ide.mcu.externaltools.gnu-tools-for-stm32.12.3.rel1.linux64_1.0.200.202406132123/tools/bin/../lib/gcc/arm-none-eabi/12.3.1/thumb/v7-m/nofp/crtbegin.o
 *(.init)
 .init          0x080045a4        0x4 /opt/st/stm32cubeide_1.14.0/plugins/com.st.stm32cube.ide.mcu.externaltools.gnu-tools-for-stm32.12.3.rel1.linux64_1.0.200.202406132123/tools/bin/../lib/gcc/arm-none-eabi/12.3.1/thumb/v7-m/nofp/crti.o
                0x080045a4                _init
 .init          0x080045a8        0x8 /opt/st/stm32cubeide_1.14.0/plugins/com.st.stm32cube.ide.mcu.externaltools.gnu-tools-for-stm32.12.3.rel1.linux64_1.0.200.202406132123/tools/bin/../lib/gcc/arm-none-eabi/12.3.1/thumb/v7-m/nofp/crtn.o
 *(.fini)
 .fini          0x080045b0        0x4 /opt/st/stm32cubeide_1.14.0/plugins/com.st.stm32cube.ide.mcu.externaltools.gnu-tools-for-stm32.12.3.rel1.linux64_1.0.200.202406132123/tools/bin/../lib/gcc/arm-none-eabi/12.3.1/thumb/v7-m/nofp/crti.o
                0x080045b0                _fini
 .fini          0x080045b4        0x8 /opt/st/stm32cubeide_1.14.0/plugins/com.st.stm32cube.ide.mcu.externaltools.gnu-tools-for-stm32.12.3.rel1.linux64_1.0.200.202406132123/tools/bin/../lib/gcc/arm-none-eabi/12.3.1/thumb/v7-m/nofp/crtn.o
                0x080045bc                        . = ALIGN (0x4)
                0x080045bc                        _etext = .

.vfp11_veneer   0x080045bc        0x0
 .vfp11_veneer  0x080045bc        0x0 linker stubs

.v4_bx          0x080045bc        0x0
 .v4_bx         0x080045bc        0x0 linker stubs

.iplt           0x080045bc        0x0
 .iplt          0x080045bc        0x0 /opt/st/stm32cubeide_1.14.0/plugins/com.st.stm32cube.ide.mcu.externaltools.gnu-tools-for-stm32.12.3.rel1.linux64_1.0.200.202406132123/tools/bin/../lib/gcc/arm-none-eabi/12.3.1/thumb/v7-m/nofp/crtbegin.o

.rodata         0x080045bc     0x1414
                0x080045bc                        . = ALIGN (0x4)
 *(.rodata)
 *(.rodata*)
 .rodata._ZL14SX1278_CRC_Sum
                0x080045bc        0x2 ./App/SX1278/SX1278.o
 .rodata._ZL17SX1278_CodingRate
                0x080045be        0x4 ./App/SX1278/SX1278.o
 .rodata._ZL20SX1278_LoRaBandwidth
                0x080045c2        0xa ./App/SX1278/SX1278.o
 .rodata._ZL19SX1278_SpreadFactor
                0x080045cc        0x7 ./App/SX1278/SX1278.o
 .rodata._ZL12SX1278_Power
                0x080045d3        0x4 ./App/SX1278/SX1278.o
 .rodata._Z9sendStatePKcffS0_.str1.1
                0x080045d7       0x22 ./App/app.o
 .rodata._Z31displayStateCalculationProgressm.str1.1
                0x080045f9        0x6 ./App/app.o
 .rodata._Z12displayStateff.str1.1
                0x080045ff        0xd ./App/app.o
 .rodata._ZL18deviceSerialNumber
                0x0800460c        0x5 ./App/app.o
 *fill*         0x08004611        0x1 
 .rodata._ZL9Font16x26
                0x08004612     0x134c ./App/ssd1306/fonts.o
 .rodata.APBPrescTable
                0x0800595e        0x8 ./Core/Src/system_stm32f1xx.o
                0x0800595e                APBPrescTable
 .rodata.AHBPrescTable
                0x08005966       0x10 ./Core/Src/system_stm32f1xx.o
                0x08005966                AHBPrescTable
 .rodata.aPredivFactorTable.0
                0x08005976        0x2 ./Drivers/STM32F1xx_HAL_Driver/Src/stm32f1xx_hal_rcc.o
 .rodata.aPLLMULFactorTable.1
                0x08005978       0x10 ./Drivers/STM32F1xx_HAL_Driver/Src/stm32f1xx_hal_rcc.o
 .rodata.aPredivFactorTable.0
                0x08005988        0x2 ./Drivers/STM32F1xx_HAL_Driver/Src/stm32f1xx_hal_rcc_ex.o
 .rodata.aPLLMULFactorTable.1
                0x0800598a       0x10 ./Drivers/STM32F1xx_HAL_Driver/Src/stm32f1xx_hal_rcc_ex.o
 .rodata._svfprintf_r.str1.1
                0x0800599a       0x11 /opt/st/stm32cubeide_1.14.0/plugins/com.st.stm32cube.ide.mcu.externaltools.gnu-tools-for-stm32.12.3.rel1.linux64_1.0.200.202406132123/tools/bin/../lib/gcc/arm-none-eabi/12.3.1/../../../../arm-none-eabi/lib/thumb/v7-m/nofp/libc_nano.a(libc_a-nano-svfprintf.o)
 .rodata._printf_i.str1.1
                0x080059ab       0x22 /opt/st/stm32cubeide_1.14.0/plugins/com.st.stm32cube.ide.mcu.externaltools.gnu-tools-for-stm32.12.3.rel1.linux64_1.0.200.202406132123/tools/bin/../lib/gcc/arm-none-eabi/12.3.1/../../../../arm-none-eabi/lib/thumb/v7-m/nofp/libc_nano.a(libc_a-nano-vfprintf_i.o)
                0x080059d0                        . = ALIGN (0x4)
 *fill*         0x080059cd        0x3 

.ARM.extab      0x080059d0        0x0
                0x080059d0                        . = ALIGN (0x4)
 *(.ARM.extab* .gnu.linkonce.armextab.*)
                0x080059d0                        . = ALIGN (0x4)

.ARM            0x080059d0        0x8
                0x080059d0                        . = ALIGN (0x4)
                0x080059d0                        __exidx_start = .
 *(.ARM.exidx*)
 .ARM.exidx     0x080059d0        0x8 /opt/st/stm32cubeide_1.14.0/plugins/com.st.stm32cube.ide.mcu.externaltools.gnu-tools-for-stm32.12.3.rel1.linux64_1.0.200.202406132123/tools/bin/../lib/gcc/arm-none-eabi/12.3.1/thumb/v7-m/nofp/libgcc.a(_udivmoddi4.o)
                0x080059d8                        __exidx_end = .
                0x080059d8                        . = ALIGN (0x4)

.preinit_array  0x080059d8        0x0
                0x080059d8                        . = ALIGN (0x4)
                0x080059d8                        PROVIDE (__preinit_array_start = .)
 *(.preinit_array*)
                0x080059d8                        PROVIDE (__preinit_array_end = .)
                0x080059d8                        . = ALIGN (0x4)

.init_array     0x080059d8        0x4
                0x080059d8                        . = ALIGN (0x4)
                0x080059d8                        PROVIDE (__init_array_start = .)
 *(SORT_BY_NAME(.init_array.*))
 *(.init_array*)
 .init_array    0x080059d8        0x4 /opt/st/stm32cubeide_1.14.0/plugins/com.st.stm32cube.ide.mcu.externaltools.gnu-tools-for-stm32.12.3.rel1.linux64_1.0.200.202406132123/tools/bin/../lib/gcc/arm-none-eabi/12.3.1/thumb/v7-m/nofp/crtbegin.o
                0x080059dc                        PROVIDE (__init_array_end = .)
                0x080059dc                        . = ALIGN (0x4)

.fini_array     0x080059dc        0x4
                0x080059dc                        . = ALIGN (0x4)
                [!provide]                        PROVIDE (__fini_array_start = .)
 *(SORT_BY_NAME(.fini_array.*))
 *(.fini_array*)
 .fini_array    0x080059dc        0x4 /opt/st/stm32cubeide_1.14.0/plugins/com.st.stm32cube.ide.mcu.externaltools.gnu-tools-for-stm32.12.3.rel1.linux64_1.0.200.202406132123/tools/bin/../lib/gcc/arm-none-eabi/12.3.1/thumb/v7-m/nofp/crtbegin.o
                [!provide]                        PROVIDE (__fini_array_end = .)
                0x080059e0                        . = ALIGN (0x4)
                0x080059e0                        _sidata = LOADADDR (.data)

.rel.dyn        0x080059e0        0x0
 .rel.iplt      0x080059e0        0x0 /opt/st/stm32cubeide_1.14.0/plugins/com.st.stm32cube.ide.mcu.externaltools.gnu-tools-for-stm32.12.3.rel1.linux64_1.0.200.202406132123/tools/bin/../lib/gcc/arm-none-eabi/12.3.1/thumb/v7-m/nofp/crtbegin.o

.data           0x20000000       0x64 load address 0x080059e0
                0x20000000                        . = ALIGN (0x4)
                0x20000000                        _sdata = .
 *(.data)
 *(.data*)
 .data.Font_16x26
                0x20000000        0x8 ./App/ssd1306/fonts.o
                0x20000000                Font_16x26
 .data.SystemCoreClock
                0x20000008        0x4 ./Core/Src/system_stm32f1xx.o
                0x20000008                SystemCoreClock
 .data.uwTickFreq
                0x2000000c        0x1 ./Drivers/STM32F1xx_HAL_Driver/Src/stm32f1xx_hal.o
                0x2000000c                uwTickFreq
 *fill*         0x2000000d        0x3 
 .data.uwTickPrio
                0x20000010        0x4 ./Drivers/STM32F1xx_HAL_Driver/Src/stm32f1xx_hal.o
                0x20000010                uwTickPrio
 .data._impure_ptr
                0x20000014        0x4 /opt/st/stm32cubeide_1.14.0/plugins/com.st.stm32cube.ide.mcu.externaltools.gnu-tools-for-stm32.12.3.rel1.linux64_1.0.200.202406132123/tools/bin/../lib/gcc/arm-none-eabi/12.3.1/../../../../arm-none-eabi/lib/thumb/v7-m/nofp/libc_nano.a(libc_a-impure.o)
                0x20000014                _impure_ptr
 .data._impure_data
                0x20000018       0x4c /opt/st/stm32cubeide_1.14.0/plugins/com.st.stm32cube.ide.mcu.externaltools.gnu-tools-for-stm32.12.3.rel1.linux64_1.0.200.202406132123/tools/bin/../lib/gcc/arm-none-eabi/12.3.1/../../../../arm-none-eabi/lib/thumb/v7-m/nofp/libc_nano.a(libc_a-impure.o)
                0x20000018                _impure_data
 *(.RamFunc)
 *(.RamFunc*)
                0x20000064                        . = ALIGN (0x4)
                0x20000064                        _edata = .

.igot.plt       0x20000064        0x0 load address 0x08005a44
 .igot.plt      0x20000064        0x0 /opt/st/stm32cubeide_1.14.0/plugins/com.st.stm32cube.ide.mcu.externaltools.gnu-tools-for-stm32.12.3.rel1.linux64_1.0.200.202406132123/tools/bin/../lib/gcc/arm-none-eabi/12.3.1/thumb/v7-m/nofp/crtbegin.o
                0x20000064                        . = ALIGN (0x4)

.bss            0x20000068      0x7bc load address 0x08005a44
                0x20000068                        _sbss = .
                0x20000068                        __bss_start__ = _sbss
 *(.bss)
 .bss           0x20000068       0x1c /opt/st/stm32cubeide_1.14.0/plugins/com.st.stm32cube.ide.mcu.externaltools.gnu-tools-for-stm32.12.3.rel1.linux64_1.0.200.202406132123/tools/bin/../lib/gcc/arm-none-eabi/12.3.1/thumb/v7-m/nofp/crtbegin.o
 *(.bss*)
 *fill*         0x20000084        0x4 
 .bss.SX1278    0x20000088      0x118 ./App/app.o
                0x20000088                SX1278
 .bss.SX1278_hw
                0x200001a0       0x1c ./App/app.o
                0x200001a0                SX1278_hw
 .bss.loRaSPI   0x200001bc        0x4 ./App/app.o
                0x200001bc                loRaSPI
 .bss.lcdI2C    0x200001c0        0x4 ./App/app.o
                0x200001c0                lcdI2C
 .bss._ZL7SSD1306
                0x200001c4        0x6 ./App/ssd1306/ssd1306.o
 .bss._ZL14SSD1306_Buffer
                0x200001ca      0x400 ./App/ssd1306/ssd1306.o
 *fill*         0x200005ca        0x2 
 .bss.htim1     0x200005cc       0x48 ./Core/Src/main.o
                0x200005cc                htim1
 .bss.hspi1     0x20000614       0x58 ./Core/Src/main.o
                0x20000614                hspi1
 .bss.hrtc      0x2000066c       0x14 ./Core/Src/main.o
                0x2000066c                hrtc
 .bss.hi2c2     0x20000680       0x54 ./Core/Src/main.o
                0x20000680                hi2c2
 .bss.__sbrk_heap_end
                0x200006d4        0x4 ./Core/Src/sysmem.o
 .bss.uwTick    0x200006d8        0x4 ./Drivers/STM32F1xx_HAL_Driver/Src/stm32f1xx_hal.o
                0x200006d8                uwTick
 .bss.__sf      0x200006dc      0x138 /opt/st/stm32cubeide_1.14.0/plugins/com.st.stm32cube.ide.mcu.externaltools.gnu-tools-for-stm32.12.3.rel1.linux64_1.0.200.202406132123/tools/bin/../lib/gcc/arm-none-eabi/12.3.1/../../../../arm-none-eabi/lib/thumb/v7-m/nofp/libc_nano.a(libc_a-findfp.o)
                0x200006dc                __sf
 .bss.errno     0x20000814        0x4 /opt/st/stm32cubeide_1.14.0/plugins/com.st.stm32cube.ide.mcu.externaltools.gnu-tools-for-stm32.12.3.rel1.linux64_1.0.200.202406132123/tools/bin/../lib/gcc/arm-none-eabi/12.3.1/../../../../arm-none-eabi/lib/thumb/v7-m/nofp/libc_nano.a(libc_a-reent.o)
                0x20000814                errno
 .bss.__lock___malloc_recursive_mutex
                0x20000818        0x1 /opt/st/stm32cubeide_1.14.0/plugins/com.st.stm32cube.ide.mcu.externaltools.gnu-tools-for-stm32.12.3.rel1.linux64_1.0.200.202406132123/tools/bin/../lib/gcc/arm-none-eabi/12.3.1/../../../../arm-none-eabi/lib/thumb/v7-m/nofp/libc_nano.a(libc_a-lock.o)
                0x20000818                __lock___malloc_recursive_mutex
 *fill*         0x20000819        0x3 
 .bss.__malloc_sbrk_start
                0x2000081c        0x4 /opt/st/stm32cubeide_1.14.0/plugins/com.st.stm32cube.ide.mcu.externaltools.gnu-tools-for-stm32.12.3.rel1.linux64_1.0.200.202406132123/tools/bin/../lib/gcc/arm-none-eabi/12.3.1/../../../../arm-none-eabi/lib/thumb/v7-m/nofp/libc_nano.a(libc_a-mallocr.o)
                0x2000081c                __malloc_sbrk_start
 .bss.__malloc_free_list
                0x20000820        0x4 /opt/st/stm32cubeide_1.14.0/plugins/com.st.stm32cube.ide.mcu.externaltools.gnu-tools-for-stm32.12.3.rel1.linux64_1.0.200.202406132123/tools/bin/../lib/gcc/arm-none-eabi/12.3.1/../../../../arm-none-eabi/lib/thumb/v7-m/nofp/libc_nano.a(libc_a-mallocr.o)
                0x20000820                __malloc_free_list
 *(COMMON)
                0x20000824                        . = ALIGN (0x4)
                0x20000824                        _ebss = .
                0x20000824                        __bss_end__ = _ebss

._user_heap_stack
                0x20000824      0x604 load address 0x08005a44
                0x20000828                        . = ALIGN (0x8)
 *fill*         0x20000824        0x4 
                [!provide]                        PROVIDE (end = .)
                0x20000828                        PROVIDE (_end = .)
                0x20000a28                        . = (. + _Min_Heap_Size)
 *fill*         0x20000828      0x200 
                0x20000e28                        . = (. + _Min_Stack_Size)
 *fill*         0x20000a28      0x400 
                0x20000e28                        . = ALIGN (0x8)

/DISCARD/
 libc.a(*)
 libm.a(*)
 libgcc.a(*)

.ARM.attributes
                0x00000000       0x29
 *(.ARM.attributes)
 .ARM.attributes
                0x00000000       0x1d /opt/st/stm32cubeide_1.14.0/plugins/com.st.stm32cube.ide.mcu.externaltools.gnu-tools-for-stm32.12.3.rel1.linux64_1.0.200.202406132123/tools/bin/../lib/gcc/arm-none-eabi/12.3.1/thumb/v7-m/nofp/crti.o
 .ARM.attributes
                0x0000001d       0x2d /opt/st/stm32cubeide_1.14.0/plugins/com.st.stm32cube.ide.mcu.externaltools.gnu-tools-for-stm32.12.3.rel1.linux64_1.0.200.202406132123/tools/bin/../lib/gcc/arm-none-eabi/12.3.1/thumb/v7-m/nofp/crtbegin.o
 .ARM.attributes
                0x0000004a       0x2d ./App/SX1278/SX1278.o
 .ARM.attributes
                0x00000077       0x2d ./App/SX1278/SX1278_hw.o
 .ARM.attributes
                0x000000a4       0x2d ./App/app.o
 .ARM.attributes
                0x000000d1       0x2d ./App/dth22/dth22.class.o
 .ARM.attributes
                0x000000fe       0x2d ./App/ssd1306/fonts.o
 .ARM.attributes
                0x0000012b       0x2d ./App/ssd1306/ssd1306.o
 .ARM.attributes
                0x00000158       0x2d ./Core/Src/main.o
 .ARM.attributes
                0x00000185       0x2d ./Core/Src/stm32f1xx_hal_msp.o
 .ARM.attributes
                0x000001b2       0x2d ./Core/Src/stm32f1xx_it.o
 .ARM.attributes
                0x000001df       0x2d ./Core/Src/sysmem.o
 .ARM.attributes
                0x0000020c       0x2d ./Core/Src/system_stm32f1xx.o
 .ARM.attributes
                0x00000239       0x21 ./Core/Startup/startup_stm32f103c8tx.o
 .ARM.attributes
                0x0000025a       0x2d ./Drivers/STM32F1xx_HAL_Driver/Src/stm32f1xx_hal.o
 .ARM.attributes
                0x00000287       0x2d ./Drivers/STM32F1xx_HAL_Driver/Src/stm32f1xx_hal_cortex.o
 .ARM.attributes
                0x000002b4       0x2d ./Drivers/STM32F1xx_HAL_Driver/Src/stm32f1xx_hal_gpio.o
 .ARM.attributes
                0x000002e1       0x2d ./Drivers/STM32F1xx_HAL_Driver/Src/stm32f1xx_hal_i2c.o
 .ARM.attributes
                0x0000030e       0x2d ./Drivers/STM32F1xx_HAL_Driver/Src/stm32f1xx_hal_pwr.o
 .ARM.attributes
                0x0000033b       0x2d ./Drivers/STM32F1xx_HAL_Driver/Src/stm32f1xx_hal_rcc.o
 .ARM.attributes
                0x00000368       0x2d ./Drivers/STM32F1xx_HAL_Driver/Src/stm32f1xx_hal_rcc_ex.o
 .ARM.attributes
                0x00000395       0x2d ./Drivers/STM32F1xx_HAL_Driver/Src/stm32f1xx_hal_rtc.o
 .ARM.attributes
                0x000003c2       0x2d ./Drivers/STM32F1xx_HAL_Driver/Src/stm32f1xx_hal_spi.o
 .ARM.attributes
                0x000003ef       0x2d ./Drivers/STM32F1xx_HAL_Driver/Src/stm32f1xx_hal_tim.o
 .ARM.attributes
                0x0000041c       0x2d ./Drivers/STM32F1xx_HAL_Driver/Src/stm32f1xx_hal_tim_ex.o
 .ARM.attributes
                0x00000449       0x2d /opt/st/stm32cubeide_1.14.0/plugins/com.st.stm32cube.ide.mcu.externaltools.gnu-tools-for-stm32.12.3.rel1.linux64_1.0.200.202406132123/tools/bin/../lib/gcc/arm-none-eabi/12.3.1/../../../../arm-none-eabi/lib/thumb/v7-m/nofp/libc_nano.a(libc_a-findfp.o)
 .ARM.attributes
                0x00000476       0x2d /opt/st/stm32cubeide_1.14.0/plugins/com.st.stm32cube.ide.mcu.externaltools.gnu-tools-for-stm32.12.3.rel1.linux64_1.0.200.202406132123/tools/bin/../lib/gcc/arm-none-eabi/12.3.1/../../../../arm-none-eabi/lib/thumb/v7-m/nofp/libc_nano.a(libc_a-sprintf.o)
 .ARM.attributes
                0x000004a3       0x2d /opt/st/stm32cubeide_1.14.0/plugins/com.st.stm32cube.ide.mcu.externaltools.gnu-tools-for-stm32.12.3.rel1.linux64_1.0.200.202406132123/tools/bin/../lib/gcc/arm-none-eabi/12.3.1/../../../../arm-none-eabi/lib/thumb/v7-m/nofp/libc_nano.a(libc_a-memset.o)
 .ARM.attributes
                0x000004d0       0x2d /opt/st/stm32cubeide_1.14.0/plugins/com.st.stm32cube.ide.mcu.externaltools.gnu-tools-for-stm32.12.3.rel1.linux64_1.0.200.202406132123/tools/bin/../lib/gcc/arm-none-eabi/12.3.1/../../../../arm-none-eabi/lib/thumb/v7-m/nofp/libc_nano.a(libc_a-reent.o)
 .ARM.attributes
                0x000004fd       0x2d /opt/st/stm32cubeide_1.14.0/plugins/com.st.stm32cube.ide.mcu.externaltools.gnu-tools-for-stm32.12.3.rel1.linux64_1.0.200.202406132123/tools/bin/../lib/gcc/arm-none-eabi/12.3.1/../../../../arm-none-eabi/lib/thumb/v7-m/nofp/libc_nano.a(libc_a-impure.o)
 .ARM.attributes
                0x0000052a       0x2d /opt/st/stm32cubeide_1.14.0/plugins/com.st.stm32cube.ide.mcu.externaltools.gnu-tools-for-stm32.12.3.rel1.linux64_1.0.200.202406132123/tools/bin/../lib/gcc/arm-none-eabi/12.3.1/../../../../arm-none-eabi/lib/thumb/v7-m/nofp/libc_nano.a(libc_a-errno.o)
 .ARM.attributes
                0x00000557       0x2d /opt/st/stm32cubeide_1.14.0/plugins/com.st.stm32cube.ide.mcu.externaltools.gnu-tools-for-stm32.12.3.rel1.linux64_1.0.200.202406132123/tools/bin/../lib/gcc/arm-none-eabi/12.3.1/../../../../arm-none-eabi/lib/thumb/v7-m/nofp/libc_nano.a(libc_a-init.o)
 .ARM.attributes
                0x00000584       0x2d /opt/st/stm32cubeide_1.14.0/plugins/com.st.stm32cube.ide.mcu.externaltools.gnu-tools-for-stm32.12.3.rel1.linux64_1.0.200.202406132123/tools/bin/../lib/gcc/arm-none-eabi/12.3.1/../../../../arm-none-eabi/lib/thumb/v7-m/nofp/libc_nano.a(libc_a-lock.o)
 .ARM.attributes
                0x000005b1       0x2d /opt/st/stm32cubeide_1.14.0/plugins/com.st.stm32cube.ide.mcu.externaltools.gnu-tools-for-stm32.12.3.rel1.linux64_1.0.200.202406132123/tools/bin/../lib/gcc/arm-none-eabi/12.3.1/../../../../arm-none-eabi/lib/thumb/v7-m/nofp/libc_nano.a(libc_a-memcpy-stub.o)
 .ARM.attributes
                0x000005de       0x2d /opt/st/stm32cubeide_1.14.0/plugins/com.st.stm32cube.ide.mcu.externaltools.gnu-tools-for-stm32.12.3.rel1.linux64_1.0.200.202406132123/tools/bin/../lib/gcc/arm-none-eabi/12.3.1/../../../../arm-none-eabi/lib/thumb/v7-m/nofp/libc_nano.a(libc_a-freer.o)
 .ARM.attributes
                0x0000060b       0x2d /opt/st/stm32cubeide_1.14.0/plugins/com.st.stm32cube.ide.mcu.externaltools.gnu-tools-for-stm32.12.3.rel1.linux64_1.0.200.202406132123/tools/bin/../lib/gcc/arm-none-eabi/12.3.1/../../../../arm-none-eabi/lib/thumb/v7-m/nofp/libc_nano.a(libc_a-mallocr.o)
 .ARM.attributes
                0x00000638       0x2d /opt/st/stm32cubeide_1.14.0/plugins/com.st.stm32cube.ide.mcu.externaltools.gnu-tools-for-stm32.12.3.rel1.linux64_1.0.200.202406132123/tools/bin/../lib/gcc/arm-none-eabi/12.3.1/../../../../arm-none-eabi/lib/thumb/v7-m/nofp/libc_nano.a(libc_a-mlock.o)
 .ARM.attributes
                0x00000665       0x2d /opt/st/stm32cubeide_1.14.0/plugins/com.st.stm32cube.ide.mcu.externaltools.gnu-tools-for-stm32.12.3.rel1.linux64_1.0.200.202406132123/tools/bin/../lib/gcc/arm-none-eabi/12.3.1/../../../../arm-none-eabi/lib/thumb/v7-m/nofp/libc_nano.a(libc_a-nano-svfprintf.o)
 .ARM.attributes
                0x00000692       0x2d /opt/st/stm32cubeide_1.14.0/plugins/com.st.stm32cube.ide.mcu.externaltools.gnu-tools-for-stm32.12.3.rel1.linux64_1.0.200.202406132123/tools/bin/../lib/gcc/arm-none-eabi/12.3.1/../../../../arm-none-eabi/lib/thumb/v7-m/nofp/libc_nano.a(libc_a-nano-vfprintf_i.o)
 .ARM.attributes
                0x000006bf       0x2d /opt/st/stm32cubeide_1.14.0/plugins/com.st.stm32cube.ide.mcu.externaltools.gnu-tools-for-stm32.12.3.rel1.linux64_1.0.200.202406132123/tools/bin/../lib/gcc/arm-none-eabi/12.3.1/../../../../arm-none-eabi/lib/thumb/v7-m/nofp/libc_nano.a(libc_a-memmove.o)
 .ARM.attributes
                0x000006ec       0x2d /opt/st/stm32cubeide_1.14.0/plugins/com.st.stm32cube.ide.mcu.externaltools.gnu-tools-for-stm32.12.3.rel1.linux64_1.0.200.202406132123/tools/bin/../lib/gcc/arm-none-eabi/12.3.1/../../../../arm-none-eabi/lib/thumb/v7-m/nofp/libc_nano.a(libc_a-sbrkr.o)
 .ARM.attributes
                0x00000719       0x2d /opt/st/stm32cubeide_1.14.0/plugins/com.st.stm32cube.ide.mcu.externaltools.gnu-tools-for-stm32.12.3.rel1.linux64_1.0.200.202406132123/tools/bin/../lib/gcc/arm-none-eabi/12.3.1/../../../../arm-none-eabi/lib/thumb/v7-m/nofp/libc_nano.a(libc_a-memchr-stub.o)
 .ARM.attributes
                0x00000746       0x2d /opt/st/stm32cubeide_1.14.0/plugins/com.st.stm32cube.ide.mcu.externaltools.gnu-tools-for-stm32.12.3.rel1.linux64_1.0.200.202406132123/tools/bin/../lib/gcc/arm-none-eabi/12.3.1/../../../../arm-none-eabi/lib/thumb/v7-m/nofp/libc_nano.a(libc_a-reallocr.o)
 .ARM.attributes
                0x00000773       0x2d /opt/st/stm32cubeide_1.14.0/plugins/com.st.stm32cube.ide.mcu.externaltools.gnu-tools-for-stm32.12.3.rel1.linux64_1.0.200.202406132123/tools/bin/../lib/gcc/arm-none-eabi/12.3.1/../../../../arm-none-eabi/lib/thumb/v7-m/nofp/libc_nano.a(libc_a-msizer.o)
 .ARM.attributes
                0x000007a0       0x1d /opt/st/stm32cubeide_1.14.0/plugins/com.st.stm32cube.ide.mcu.externaltools.gnu-tools-for-stm32.12.3.rel1.linux64_1.0.200.202406132123/tools/bin/../lib/gcc/arm-none-eabi/12.3.1/thumb/v7-m/nofp/libgcc.a(_arm_addsubdf3.o)
 .ARM.attributes
                0x000007bd       0x1d /opt/st/stm32cubeide_1.14.0/plugins/com.st.stm32cube.ide.mcu.externaltools.gnu-tools-for-stm32.12.3.rel1.linux64_1.0.200.202406132123/tools/bin/../lib/gcc/arm-none-eabi/12.3.1/thumb/v7-m/nofp/libgcc.a(_arm_cmpdf2.o)
 .ARM.attributes
                0x000007da       0x1d /opt/st/stm32cubeide_1.14.0/plugins/com.st.stm32cube.ide.mcu.externaltools.gnu-tools-for-stm32.12.3.rel1.linux64_1.0.200.202406132123/tools/bin/../lib/gcc/arm-none-eabi/12.3.1/thumb/v7-m/nofp/libgcc.a(_arm_addsubsf3.o)
 .ARM.attributes
                0x000007f7       0x1d /opt/st/stm32cubeide_1.14.0/plugins/com.st.stm32cube.ide.mcu.externaltools.gnu-tools-for-stm32.12.3.rel1.linux64_1.0.200.202406132123/tools/bin/../lib/gcc/arm-none-eabi/12.3.1/thumb/v7-m/nofp/libgcc.a(_arm_muldivsf3.o)
 .ARM.attributes
                0x00000814       0x1d /opt/st/stm32cubeide_1.14.0/plugins/com.st.stm32cube.ide.mcu.externaltools.gnu-tools-for-stm32.12.3.rel1.linux64_1.0.200.202406132123/tools/bin/../lib/gcc/arm-none-eabi/12.3.1/thumb/v7-m/nofp/libgcc.a(_arm_cmpsf2.o)
 .ARM.attributes
                0x00000831       0x1d /opt/st/stm32cubeide_1.14.0/plugins/com.st.stm32cube.ide.mcu.externaltools.gnu-tools-for-stm32.12.3.rel1.linux64_1.0.200.202406132123/tools/bin/../lib/gcc/arm-none-eabi/12.3.1/thumb/v7-m/nofp/libgcc.a(_aeabi_uldivmod.o)
 .ARM.attributes
                0x0000084e       0x2d /opt/st/stm32cubeide_1.14.0/plugins/com.st.stm32cube.ide.mcu.externaltools.gnu-tools-for-stm32.12.3.rel1.linux64_1.0.200.202406132123/tools/bin/../lib/gcc/arm-none-eabi/12.3.1/thumb/v7-m/nofp/libgcc.a(_udivmoddi4.o)
 .ARM.attributes
                0x0000087b       0x1d /opt/st/stm32cubeide_1.14.0/plugins/com.st.stm32cube.ide.mcu.externaltools.gnu-tools-for-stm32.12.3.rel1.linux64_1.0.200.202406132123/tools/bin/../lib/gcc/arm-none-eabi/12.3.1/thumb/v7-m/nofp/libgcc.a(_dvmd_tls.o)
 .ARM.attributes
                0x00000898       0x1d /opt/st/stm32cubeide_1.14.0/plugins/com.st.stm32cube.ide.mcu.externaltools.gnu-tools-for-stm32.12.3.rel1.linux64_1.0.200.202406132123/tools/bin/../lib/gcc/arm-none-eabi/12.3.1/thumb/v7-m/nofp/crtn.o
OUTPUT(remote-thermohygrometer.elf elf32-littlearm)
LOAD linker stubs
LOAD /opt/st/stm32cubeide_1.14.0/plugins/com.st.stm32cube.ide.mcu.externaltools.gnu-tools-for-stm32.12.3.rel1.linux64_1.0.200.202406132123/tools/bin/../lib/gcc/arm-none-eabi/12.3.1/../../../../arm-none-eabi/lib/thumb/v7-m/nofp/libc.a
LOAD /opt/st/stm32cubeide_1.14.0/plugins/com.st.stm32cube.ide.mcu.externaltools.gnu-tools-for-stm32.12.3.rel1.linux64_1.0.200.202406132123/tools/bin/../lib/gcc/arm-none-eabi/12.3.1/../../../../arm-none-eabi/lib/thumb/v7-m/nofp/libm.a
LOAD /opt/st/stm32cubeide_1.14.0/plugins/com.st.stm32cube.ide.mcu.externaltools.gnu-tools-for-stm32.12.3.rel1.linux64_1.0.200.202406132123/tools/bin/../lib/gcc/arm-none-eabi/12.3.1/thumb/v7-m/nofp/libgcc.a

.comment        0x00000000       0x43
 .comment       0x00000000       0x43 ./App/SX1278/SX1278.o
                                 0x44 (size before relaxing)
 .comment       0x00000043       0x44 ./App/SX1278/SX1278_hw.o
 .comment       0x00000043       0x44 ./App/app.o
 .comment       0x00000043       0x44 ./App/dth22/dth22.class.o
 .comment       0x00000043       0x44 ./App/ssd1306/fonts.o
 .comment       0x00000043       0x44 ./App/ssd1306/ssd1306.o
 .comment       0x00000043       0x44 ./Core/Src/main.o
 .comment       0x00000043       0x44 ./Core/Src/stm32f1xx_hal_msp.o
 .comment       0x00000043       0x44 ./Core/Src/stm32f1xx_it.o
 .comment       0x00000043       0x44 ./Core/Src/sysmem.o
 .comment       0x00000043       0x44 ./Core/Src/system_stm32f1xx.o
 .comment       0x00000043       0x44 ./Drivers/STM32F1xx_HAL_Driver/Src/stm32f1xx_hal.o
 .comment       0x00000043       0x44 ./Drivers/STM32F1xx_HAL_Driver/Src/stm32f1xx_hal_cortex.o
 .comment       0x00000043       0x44 ./Drivers/STM32F1xx_HAL_Driver/Src/stm32f1xx_hal_gpio.o
 .comment       0x00000043       0x44 ./Drivers/STM32F1xx_HAL_Driver/Src/stm32f1xx_hal_i2c.o
 .comment       0x00000043       0x44 ./Drivers/STM32F1xx_HAL_Driver/Src/stm32f1xx_hal_pwr.o
 .comment       0x00000043       0x44 ./Drivers/STM32F1xx_HAL_Driver/Src/stm32f1xx_hal_rcc.o
 .comment       0x00000043       0x44 ./Drivers/STM32F1xx_HAL_Driver/Src/stm32f1xx_hal_rcc_ex.o
 .comment       0x00000043       0x44 ./Drivers/STM32F1xx_HAL_Driver/Src/stm32f1xx_hal_rtc.o
 .comment       0x00000043       0x44 ./Drivers/STM32F1xx_HAL_Driver/Src/stm32f1xx_hal_spi.o
 .comment       0x00000043       0x44 ./Drivers/STM32F1xx_HAL_Driver/Src/stm32f1xx_hal_tim.o
 .comment       0x00000043       0x44 ./Drivers/STM32F1xx_HAL_Driver/Src/stm32f1xx_hal_tim_ex.o

.debug_frame    0x00000000      0x8c8
 .debug_frame   0x00000000      0x144 /opt/st/stm32cubeide_1.14.0/plugins/com.st.stm32cube.ide.mcu.externaltools.gnu-tools-for-stm32.12.3.rel1.linux64_1.0.200.202406132123/tools/bin/../lib/gcc/arm-none-eabi/12.3.1/../../../../arm-none-eabi/lib/thumb/v7-m/nofp/libc_nano.a(libc_a-findfp.o)
 .debug_frame   0x00000144       0x6c /opt/st/stm32cubeide_1.14.0/plugins/com.st.stm32cube.ide.mcu.externaltools.gnu-tools-for-stm32.12.3.rel1.linux64_1.0.200.202406132123/tools/bin/../lib/gcc/arm-none-eabi/12.3.1/../../../../arm-none-eabi/lib/thumb/v7-m/nofp/libc_nano.a(libc_a-sprintf.o)
 .debug_frame   0x000001b0       0x20 /opt/st/stm32cubeide_1.14.0/plugins/com.st.stm32cube.ide.mcu.externaltools.gnu-tools-for-stm32.12.3.rel1.linux64_1.0.200.202406132123/tools/bin/../lib/gcc/arm-none-eabi/12.3.1/../../../../arm-none-eabi/lib/thumb/v7-m/nofp/libc_nano.a(libc_a-memset.o)
 .debug_frame   0x000001d0       0x38 /opt/st/stm32cubeide_1.14.0/plugins/com.st.stm32cube.ide.mcu.externaltools.gnu-tools-for-stm32.12.3.rel1.linux64_1.0.200.202406132123/tools/bin/../lib/gcc/arm-none-eabi/12.3.1/../../../../arm-none-eabi/lib/thumb/v7-m/nofp/libc_nano.a(libc_a-reent.o)
 .debug_frame   0x00000208       0x20 /opt/st/stm32cubeide_1.14.0/plugins/com.st.stm32cube.ide.mcu.externaltools.gnu-tools-for-stm32.12.3.rel1.linux64_1.0.200.202406132123/tools/bin/../lib/gcc/arm-none-eabi/12.3.1/../../../../arm-none-eabi/lib/thumb/v7-m/nofp/libc_nano.a(libc_a-errno.o)
 .debug_frame   0x00000228       0x2c /opt/st/stm32cubeide_1.14.0/plugins/com.st.stm32cube.ide.mcu.externaltools.gnu-tools-for-stm32.12.3.rel1.linux64_1.0.200.202406132123/tools/bin/../lib/gcc/arm-none-eabi/12.3.1/../../../../arm-none-eabi/lib/thumb/v7-m/nofp/libc_nano.a(libc_a-init.o)
 .debug_frame   0x00000254       0xb0 /opt/st/stm32cubeide_1.14.0/plugins/com.st.stm32cube.ide.mcu.externaltools.gnu-tools-for-stm32.12.3.rel1.linux64_1.0.200.202406132123/tools/bin/../lib/gcc/arm-none-eabi/12.3.1/../../../../arm-none-eabi/lib/thumb/v7-m/nofp/libc_nano.a(libc_a-lock.o)
 .debug_frame   0x00000304       0x28 /opt/st/stm32cubeide_1.14.0/plugins/com.st.stm32cube.ide.mcu.externaltools.gnu-tools-for-stm32.12.3.rel1.linux64_1.0.200.202406132123/tools/bin/../lib/gcc/arm-none-eabi/12.3.1/../../../../arm-none-eabi/lib/thumb/v7-m/nofp/libc_nano.a(libc_a-memcpy-stub.o)
 .debug_frame   0x0000032c       0x38 /opt/st/stm32cubeide_1.14.0/plugins/com.st.stm32cube.ide.mcu.externaltools.gnu-tools-for-stm32.12.3.rel1.linux64_1.0.200.202406132123/tools/bin/../lib/gcc/arm-none-eabi/12.3.1/../../../../arm-none-eabi/lib/thumb/v7-m/nofp/libc_nano.a(libc_a-freer.o)
 .debug_frame   0x00000364       0x50 /opt/st/stm32cubeide_1.14.0/plugins/com.st.stm32cube.ide.mcu.externaltools.gnu-tools-for-stm32.12.3.rel1.linux64_1.0.200.202406132123/tools/bin/../lib/gcc/arm-none-eabi/12.3.1/../../../../arm-none-eabi/lib/thumb/v7-m/nofp/libc_nano.a(libc_a-mallocr.o)
 .debug_frame   0x000003b4       0x30 /opt/st/stm32cubeide_1.14.0/plugins/com.st.stm32cube.ide.mcu.externaltools.gnu-tools-for-stm32.12.3.rel1.linux64_1.0.200.202406132123/tools/bin/../lib/gcc/arm-none-eabi/12.3.1/../../../../arm-none-eabi/lib/thumb/v7-m/nofp/libc_nano.a(libc_a-mlock.o)
 .debug_frame   0x000003e4       0x90 /opt/st/stm32cubeide_1.14.0/plugins/com.st.stm32cube.ide.mcu.externaltools.gnu-tools-for-stm32.12.3.rel1.linux64_1.0.200.202406132123/tools/bin/../lib/gcc/arm-none-eabi/12.3.1/../../../../arm-none-eabi/lib/thumb/v7-m/nofp/libc_nano.a(libc_a-nano-svfprintf.o)
 .debug_frame   0x00000474       0x60 /opt/st/stm32cubeide_1.14.0/plugins/com.st.stm32cube.ide.mcu.externaltools.gnu-tools-for-stm32.12.3.rel1.linux64_1.0.200.202406132123/tools/bin/../lib/gcc/arm-none-eabi/12.3.1/../../../../arm-none-eabi/lib/thumb/v7-m/nofp/libc_nano.a(libc_a-nano-vfprintf_i.o)
 .debug_frame   0x000004d4       0x28 /opt/st/stm32cubeide_1.14.0/plugins/com.st.stm32cube.ide.mcu.externaltools.gnu-tools-for-stm32.12.3.rel1.linux64_1.0.200.202406132123/tools/bin/../lib/gcc/arm-none-eabi/12.3.1/../../../../arm-none-eabi/lib/thumb/v7-m/nofp/libc_nano.a(libc_a-memmove.o)
 .debug_frame   0x000004fc       0x2c /opt/st/stm32cubeide_1.14.0/plugins/com.st.stm32cube.ide.mcu.externaltools.gnu-tools-for-stm32.12.3.rel1.linux64_1.0.200.202406132123/tools/bin/../lib/gcc/arm-none-eabi/12.3.1/../../../../arm-none-eabi/lib/thumb/v7-m/nofp/libc_nano.a(libc_a-sbrkr.o)
 .debug_frame   0x00000528       0x28 /opt/st/stm32cubeide_1.14.0/plugins/com.st.stm32cube.ide.mcu.externaltools.gnu-tools-for-stm32.12.3.rel1.linux64_1.0.200.202406132123/tools/bin/../lib/gcc/arm-none-eabi/12.3.1/../../../../arm-none-eabi/lib/thumb/v7-m/nofp/libc_nano.a(libc_a-memchr-stub.o)
 .debug_frame   0x00000550       0x3c /opt/st/stm32cubeide_1.14.0/plugins/com.st.stm32cube.ide.mcu.externaltools.gnu-tools-for-stm32.12.3.rel1.linux64_1.0.200.202406132123/tools/bin/../lib/gcc/arm-none-eabi/12.3.1/../../../../arm-none-eabi/lib/thumb/v7-m/nofp/libc_nano.a(libc_a-reallocr.o)
 .debug_frame   0x0000058c       0x20 /opt/st/stm32cubeide_1.14.0/plugins/com.st.stm32cube.ide.mcu.externaltools.gnu-tools-for-stm32.12.3.rel1.linux64_1.0.200.202406132123/tools/bin/../lib/gcc/arm-none-eabi/12.3.1/../../../../arm-none-eabi/lib/thumb/v7-m/nofp/libc_nano.a(libc_a-msizer.o)
 .debug_frame   0x000005ac       0xac /opt/st/stm32cubeide_1.14.0/plugins/com.st.stm32cube.ide.mcu.externaltools.gnu-tools-for-stm32.12.3.rel1.linux64_1.0.200.202406132123/tools/bin/../lib/gcc/arm-none-eabi/12.3.1/thumb/v7-m/nofp/libgcc.a(_arm_addsubdf3.o)
 .debug_frame   0x00000658       0xc4 /opt/st/stm32cubeide_1.14.0/plugins/com.st.stm32cube.ide.mcu.externaltools.gnu-tools-for-stm32.12.3.rel1.linux64_1.0.200.202406132123/tools/bin/../lib/gcc/arm-none-eabi/12.3.1/thumb/v7-m/nofp/libgcc.a(_arm_cmpdf2.o)
 .debug_frame   0x0000071c       0x4c /opt/st/stm32cubeide_1.14.0/plugins/com.st.stm32cube.ide.mcu.externaltools.gnu-tools-for-stm32.12.3.rel1.linux64_1.0.200.202406132123/tools/bin/../lib/gcc/arm-none-eabi/12.3.1/thumb/v7-m/nofp/libgcc.a(_arm_addsubsf3.o)
 .debug_frame   0x00000768       0x38 /opt/st/stm32cubeide_1.14.0/plugins/com.st.stm32cube.ide.mcu.externaltools.gnu-tools-for-stm32.12.3.rel1.linux64_1.0.200.202406132123/tools/bin/../lib/gcc/arm-none-eabi/12.3.1/thumb/v7-m/nofp/libgcc.a(_arm_muldivsf3.o)
 .debug_frame   0x000007a0       0xc8 /opt/st/stm32cubeide_1.14.0/plugins/com.st.stm32cube.ide.mcu.externaltools.gnu-tools-for-stm32.12.3.rel1.linux64_1.0.200.202406132123/tools/bin/../lib/gcc/arm-none-eabi/12.3.1/thumb/v7-m/nofp/libgcc.a(_arm_cmpsf2.o)
 .debug_frame   0x00000868       0x2c /opt/st/stm32cubeide_1.14.0/plugins/com.st.stm32cube.ide.mcu.externaltools.gnu-tools-for-stm32.12.3.rel1.linux64_1.0.200.202406132123/tools/bin/../lib/gcc/arm-none-eabi/12.3.1/thumb/v7-m/nofp/libgcc.a(_aeabi_uldivmod.o)
 .debug_frame   0x00000894       0x34 /opt/st/stm32cubeide_1.14.0/plugins/com.st.stm32cube.ide.mcu.externaltools.gnu-tools-for-stm32.12.3.rel1.linux64_1.0.200.202406132123/tools/bin/../lib/gcc/arm-none-eabi/12.3.1/thumb/v7-m/nofp/libgcc.a(_udivmoddi4.o)
